Component: ARM Compiler 5.06 update 6 (build 750) Tool: armlink [4d35ed]

==============================================================================

Section Cross References

    main.o(i.Auto_task) refers to cdhdata.o(i.PID_AUTO_QianLun) for PID_AUTO_QianLun
    main.o(i.Auto_task) refers to os_time.o(i.OSTimeDlyHMSM) for OSTimeDlyHMSM
    main.o(i.Auto_task) refers to agv.o(.bss) for AGV_SYS
    main.o(i.Auto_task) refers to agv.o(.data) for g_AGV_Sta
    main.o(i.Auto_task) refers to motor.o(.data) for g_Start_flag
    main.o(i.DCv_task) refers to _printf_percent.o(.ARM.Collect$$_printf_percent$$00000000) for _printf_percent
    main.o(i.DCv_task) refers to _printf_d.o(.ARM.Collect$$_printf_percent$$00000009) for _printf_d
    main.o(i.DCv_task) refers to _printf_dec.o(.text) for _printf_int_dec
    main.o(i.DCv_task) refers to battery.o(i.GET_Battery) for GET_Battery
    main.o(i.DCv_task) refers to __2sprintf.o(.text) for __2sprintf
    main.o(i.DCv_task) refers to xf.o(i.speek) for speek
    main.o(i.DCv_task) refers to os_time.o(i.OSTimeDlyHMSM) for OSTimeDlyHMSM
    main.o(i.DCv_task) refers to agv.o(.bss) for AGV_SYS
    main.o(i.DCv_task) refers to modbus_slave.o(.bss) for PLC_Data
    main.o(i.DCv_task) refers to battery.o(.data) for Battery_Warining
    main.o(i.DCv_task) refers to battery.o(.bss) for g_warning
    main.o(i.DCv_task) refers to can.o(.data) for g_flag_RFID_beep
    main.o(i.Manual_task) refers to cdhdata.o(i.PID_SD_Adjust) for PID_SD_Adjust
    main.o(i.Manual_task) refers to motor.o(i.MotoStop) for MotoStop
    main.o(i.Manual_task) refers to motor.o(i.DwqXunZheng_QH) for DwqXunZheng_QH
    main.o(i.Manual_task) refers to motor.o(i.delay_rtos) for delay_rtos
    main.o(i.Manual_task) refers to can.o(.data) for g_Init_OK_Motec
    main.o(i.Manual_task) refers to agv.o(.data) for g_AGV_Sta
    main.o(i.Manual_task) refers to motor.o(.data) for g_Start_flag
    main.o(i.Manual_task) refers to agv.o(.bss) for AGV_SYS
    main.o(i.PID_task) refers to cdhdata.o(i.PID_AUTO_HouLun) for PID_AUTO_HouLun
    main.o(i.PID_task) refers to os_time.o(i.OSTimeDlyHMSM) for OSTimeDlyHMSM
    main.o(i.PID_task) refers to agv.o(.bss) for AGV_SYS
    main.o(i.PID_task) refers to agv.o(.data) for g_AGV_Sta
    main.o(i.PID_task) refers to motor.o(.data) for g_Start_flag
    main.o(i.Screen_task) refers to control.o(i.Shou_Dong) for Shou_Dong
    main.o(i.Screen_task) refers to control.o(i.Zi_Dong) for Zi_Dong
    main.o(i.Screen_task) refers to control.o(i.Qi_Dong) for Qi_Dong
    main.o(i.Screen_task) refers to control.o(i.Ting_Zhi) for Ting_Zhi
    main.o(i.Screen_task) refers to control.o(i.Qian_Jin) for Qian_Jin
    main.o(i.Screen_task) refers to control.o(i.Hou_Tui) for Hou_Tui
    main.o(i.Screen_task) refers to delay.o(i.osdelay_ms) for osdelay_ms
    main.o(i.Screen_task) refers to route.o(i.SetOneParameterToSystem) for SetOneParameterToSystem
    main.o(i.Screen_task) refers to route.o(i.GetRouteStationNum) for GetRouteStationNum
    main.o(i.Screen_task) refers to route.o(i.GetRouteData) for GetRouteData
    main.o(i.Screen_task) refers to route.o(i.SetRouteData) for SetRouteData
    main.o(i.Screen_task) refers to route.o(i.UpdataStationToHmi) for UpdataStationToHmi
    main.o(i.Screen_task) refers to route.o(i.ClearStationToHmi) for ClearStationToHmi
    main.o(i.Screen_task) refers to route.o(i.UpdataStationToNow) for UpdataStationToNow
    main.o(i.Screen_task) refers to modbus_slave.o(.bss) for PLC_Data
    main.o(i.Screen_task) refers to agv.o(.data) for g_AGV_Sta
    main.o(i.Screen_task) refers to agv.o(.bss) for AGV_SYS
    main.o(i.Screen_task) refers to route.o(.bss) for SystemParameter
    main.o(i.Screen_task) refers to route.o(.data) for HmiRouteCopiedNumTemp
    main.o(i.Screen_task) refers to can.o(.data) for g_AGV_RFID_ID
    main.o(i.Screen_task) refers to route.o(i.GetProcessData) for GetProcessData
    main.o(i.Screen_task) refers to route.o(i.ClearStepToHmi) for ClearStepToHmi
    main.o(i.Screen_task) refers to route.o(i.UpdataProcessToHmi) for UpdataProcessToHmi
    main.o(i.Screen_task) refers to route.o(i.GetProcessStepNum) for GetProcessStepNum
    main.o(i.Screen_task) refers to route.o(i.GetProcessDataFrom) for GetProcessDataFrom
    main.o(i.Screen_task) refers to route.o(i.SetProcessData) for SetProcessData
    main.o(i.Screen_task) refers to route.o(i.InsertProcessData) for InsertProcessData
    main.o(i.Screen_task) refers to route.o(i.DeleteProcessData) for DeleteProcessData
    main.o(i.Screen_task) refers to route.o(i.HmiAutoReload) for HmiAutoReload
    main.o(i.Screen_task) refers to route.o(i.ActiveProcess) for ActiveProcess
    main.o(i.Screen_task) refers to os_task.o(i.OSTaskDel) for OSTaskDel
    main.o(i.Screen_task) refers to os_task.o(i.OSTaskCreate) for OSTaskCreate
    main.o(i.Screen_task) refers to main.o(.bss) for Task5_TaskTCB
    main.o(i.Screen_task) refers to main.o(i.Task5_task) for Task5_task
[...]
    OSCfg_IntQTaskStkBasePtr                 0x0800d570   Data           4  os_cfg_app.o(.constdata)
    OSCfg_IntQTaskStkLimit                   0x0800d574   Data           4  os_cfg_app.o(.constdata)
    OSCfg_IntQTaskStkSize                    0x0800d578   Data           4  os_cfg_app.o(.constdata)
    OSCfg_IntQTaskStkSizeRAM                 0x0800d57c   Data           4  os_cfg_app.o(.constdata)
    OSCfg_ISRStkBasePtr                      0x0800d580   Data           4  os_cfg_app.o(.constdata)
    OSCfg_ISRStkSize                         0x0800d584   Data           4  os_cfg_app.o(.constdata)
    OSCfg_ISRStkSizeRAM                      0x0800d588   Data           4  os_cfg_app.o(.constdata)
    OSCfg_MsgPoolSize                        0x0800d58c   Data           2  os_cfg_app.o(.constdata)
    OSCfg_MsgPoolSizeRAM                     0x0800d590   Data           4  os_cfg_app.o(.constdata)
    OSCfg_MsgPoolBasePtr                     0x0800d594   Data           4  os_cfg_app.o(.constdata)
    OSCfg_StatTaskPrio                       0x0800d598   Data           1  os_cfg_app.o(.constdata)
    OSCfg_StatTaskRate_Hz                    0x0800d59c   Data           4  os_cfg_app.o(.constdata)
    OSCfg_StatTaskStkBasePtr                 0x0800d5a0   Data           4  os_cfg_app.o(.constdata)
    OSCfg_StatTaskStkLimit                   0x0800d5a4   Data           4  os_cfg_app.o(.constdata)
    OSCfg_StatTaskStkSize                    0x0800d5a8   Data           4  os_cfg_app.o(.constdata)
    OSCfg_StatTaskStkSizeRAM                 0x0800d5ac   Data           4  os_cfg_app.o(.constdata)
    OSCfg_StkSizeMin                         0x0800d5b0   Data           4  os_cfg_app.o(.constdata)
    OSCfg_TickRate_Hz                        0x0800d5b4   Data           4  os_cfg_app.o(.constdata)
    OSCfg_TickTaskPrio                       0x0800d5b8   Data           1  os_cfg_app.o(.constdata)
    OSCfg_TickTaskStkBasePtr                 0x0800d5bc   Data           4  os_cfg_app.o(.constdata)
    OSCfg_TickTaskStkLimit                   0x0800d5c0   Data           4  os_cfg_app.o(.constdata)
    OSCfg_TickTaskStkSize                    0x0800d5c4   Data           4  os_cfg_app.o(.constdata)
    OSCfg_TickTaskStkSizeRAM                 0x0800d5c8   Data           4  os_cfg_app.o(.constdata)
    OSCfg_TickWheelSize                      0x0800d5cc   Data           2  os_cfg_app.o(.constdata)
    OSCfg_TickWheelSizeRAM                   0x0800d5d0   Data           4  os_cfg_app.o(.constdata)
    OSCfg_TmrTaskPrio                        0x0800d5d4   Data           1  os_cfg_app.o(.constdata)
    OSCfg_TmrTaskRate_Hz                     0x0800d5d8   Data           4  os_cfg_app.o(.constdata)
    OSCfg_TmrTaskStkBasePtr                  0x0800d5dc   Data           4  os_cfg_app.o(.constdata)
    OSCfg_TmrTaskStkLimit                    0x0800d5e0   Data           4  os_cfg_app.o(.constdata)
    OSCfg_TmrTaskStkSize                     0x0800d5e4   Data           4  os_cfg_app.o(.constdata)
    OSCfg_TmrTaskStkSizeRAM                  0x0800d5e8   Data           4  os_cfg_app.o(.constdata)
    OSCfg_TmrWheelSize                       0x0800d5ec   Data           2  os_cfg_app.o(.constdata)
    OSCfg_TmrWheelSizeRAM                    0x0800d5f0   Data           4  os_cfg_app.o(.constdata)
    OSCfg_DataSizeRAM                        0x0800d5f4   Data           4  os_cfg_app.o(.constdata)
    OSDbg_DbgEn                              0x0800d5f8   Data           2  os_dbg.o(.constdata)
    OSDbg_ArgChkEn                           0x0800d5fa   Data           1  os_dbg.o(.constdata)
    OSDbg_AppHooksEn                         0x0800d5fb   Data           1  os_dbg.o(.constdata)
    OSDbg_EndiannessTest                     0x0800d5fc   Data           4  os_dbg.o(.constdata)
    OSDbg_CalledFromISRChkEn                 0x0800d600   Data           1  os_dbg.o(.constdata)
    OSDbg_FlagEn                             0x0800d601   Data           1  os_dbg.o(.constdata)
    OSDbg_FlagGrp                            0x0800d604   Data          40  os_dbg.o(.constdata)
    OSDbg_FlagDelEn                          0x0800d62c   Data           1  os_dbg.o(.constdata)
    OSDbg_FlagModeClrEn                      0x0800d62d   Data           1  os_dbg.o(.constdata)
    OSDbg_FlagPendAbortEn                    0x0800d62e   Data           1  os_dbg.o(.constdata)
    OSDbg_FlagGrpSize                        0x0800d630   Data           2  os_dbg.o(.constdata)
    OSDbg_FlagWidth                          0x0800d632   Data           2  os_dbg.o(.constdata)
    OSDbg_IntQ                               0x0800d634   Data           2  os_dbg.o(.constdata)
    OSDbg_ISRPostDeferredEn                  0x0800d636   Data           1  os_dbg.o(.constdata)
    OSDbg_Mem                                0x0800d638   Data          32  os_dbg.o(.constdata)
    OSDbg_MemEn                              0x0800d658   Data           1  os_dbg.o(.constdata)
    OSDbg_MemSize                            0x0800d65a   Data           2  os_dbg.o(.constdata)
    OSDbg_MsgEn                              0x0800d65c   Data           1  os_dbg.o(.constdata)
    OSDbg_MsgSize                            0x0800d65e   Data           2  os_dbg.o(.constdata)
    OSDbg_MsgPoolSize                        0x0800d660   Data           2  os_dbg.o(.constdata)
    OSDbg_MsgQSize                           0x0800d662   Data           2  os_dbg.o(.constdata)
    OSDbg_Mutex                              0x0800d664   Data          44  os_dbg.o(.constdata)
    OSDbg_MutexEn                            0x0800d690   Data           1  os_dbg.o(.constdata)
    OSDbg_MutexDelEn                         0x0800d691   Data           1  os_dbg.o(.constdata)
    OSDbg_MutexPendAbortEn                   0x0800d692   Data           1  os_dbg.o(.constdata)
    OSDbg_MutexSize                          0x0800d694   Data           2  os_dbg.o(.constdata)
    OSDbg_ObjTypeChkEn                       0x0800d696   Data           1  os_dbg.o(.constdata)
    OSDbg_PendMultiEn                        0x0800d697   Data           1  os_dbg.o(.constdata)
    OSDbg_PendDataSize                       0x0800d698   Data           2  os_dbg.o(.constdata)
    OSDbg_PendListSize                       0x0800d69a   Data           2  os_dbg.o(.constdata)
    OSDbg_PendObjSize                        0x0800d69c   Data           2  os_dbg.o(.constdata)
    OSDbg_PrioMax                            0x0800d69e   Data           2  os_dbg.o(.constdata)
    OSDbg_PrioTblSize                        0x0800d6a0   Data           2  os_dbg.o(.constdata)
    OSDbg_PtrSize                            0x0800d6a2   Data           2  os_dbg.o(.constdata)
    OSDbg_Q                                  0x0800d6a4   Data          48  os_dbg.o(.constdata)
    OSDbg_QEn                                0x0800d6d4   Data           1  os_dbg.o(.constdata)
    OSDbg_QDelEn                             0x0800d6d5   Data           1  os_dbg.o(.constdata)
    OSDbg_QFlushEn                           0x0800d6d6   Data           1  os_dbg.o(.constdata)
    OSDbg_QPendAbortEn                       0x0800d6d7   Data           1  os_dbg.o(.constdata)
    OSDbg_QSize                              0x0800d6d8   Data           2  os_dbg.o(.constdata)
    OSDbg_SchedRoundRobinEn                  0x0800d6da   Data           1  os_dbg.o(.constdata)
    OSDbg_Sem                                0x0800d6dc   Data          40  os_dbg.o(.constdata)
    OSDbg_SemEn                              0x0800d704   Data           1  os_dbg.o(.constdata)
    OSDbg_SemDelEn                           0x0800d705   Data           1  os_dbg.o(.constdata)
    OSDbg_SemPendAbortEn                     0x0800d706   Data           1  os_dbg.o(.constdata)
    OSDbg_SemSetEn                           0x0800d707   Data           1  os_dbg.o(.constdata)
    OSDbg_SemSize                            0x0800d708   Data           2  os_dbg.o(.constdata)
    OSDbg_RdyList                            0x0800d70a   Data           2  os_dbg.o(.constdata)
    OSDbg_RdyListSize                        0x0800d70c   Data           4  os_dbg.o(.constdata)
    OSDbg_StkWidth                           0x0800d710   Data           1  os_dbg.o(.constdata)
    OSDbg_StatTaskEn                         0x0800d711   Data           1  os_dbg.o(.constdata)
    OSDbg_StatTaskStkChkEn                   0x0800d712   Data           1  os_dbg.o(.constdata)
    OSDbg_TaskChangePrioEn                   0x0800d713   Data           1  os_dbg.o(.constdata)
    OSDbg_TaskDelEn                          0x0800d714   Data           1  os_dbg.o(.constdata)
    OSDbg_TaskQEn                            0x0800d715   Data           1  os_dbg.o(.constdata)
    OSDbg_TaskQPendAbortEn                   0x0800d716   Data           1  os_dbg.o(.constdata)
    OSDbg_TaskProfileEn                      0x0800d717   Data           1  os_dbg.o(.constdata)
    OSDbg_TaskRegTblSize                     0x0800d718   Data           2  os_dbg.o(.constdata)
    OSDbg_TaskSemPendAbortEn                 0x0800d71a   Data           1  os_dbg.o(.constdata)
    OSDbg_TaskSuspendEn                      0x0800d71b   Data           1  os_dbg.o(.constdata)
    OSDbg_TCBSize                            0x0800d71c   Data           2  os_dbg.o(.constdata)
    OSDbg_TickSpokeSize                      0x0800d71e   Data           2  os_dbg.o(.constdata)
    OSDbg_TimeDlyHMSMEn                      0x0800d720   Data           1  os_dbg.o(.constdata)
    OSDbg_TimeDlyResumeEn                    0x0800d721   Data           1  os_dbg.o(.constdata)
    OSDbg_TLS_TblSize                        0x0800d722   Data           2  os_dbg.o(.constdata)
    OSDbg_Tmr                                0x0800d724   Data          52  os_dbg.o(.constdata)
    OSDbg_TmrEn                              0x0800d758   Data           1  os_dbg.o(.constdata)
    OSDbg_TmrDelEn                           0x0800d759   Data           1  os_dbg.o(.constdata)
    OSDbg_TmrSize                            0x0800d75a   Data           2  os_dbg.o(.constdata)
    OSDbg_TmrSpokeSize                       0x0800d75c   Data           2  os_dbg.o(.constdata)
    OSDbg_VersionNbr                         0x0800d75e   Data           2  os_dbg.o(.constdata)
    OSDbg_DataSize                           0x0800d760   Data           4  os_dbg.o(.constdata)
    Region$$Table$$Base                      0x0800d780   Number         0  anon$$obj.o(Region$$Table)
    Region$$Table$$Limit                     0x0800d7c0   Number         0  anon$$obj.o(Region$$Table)
    g_battery_TXbuff                         0x10000000   Data         128  battery.o(.data)
    Battery_Warining                         0x10000080   Data           2  battery.o(.data)
    g_battery                                0x10000082   Data           8  battery.o(.data)
    g_After_filter                           0x1000008a   Data           6  dianweiqi.o(.data)
    g_AGV_RFID_ID                            0x10000090   Data           2  can.o(.data)
    g_flag_RFID_beep                         0x10000092   Data           1  can.o(.data)
    g_watie_Motec_init                       0x10000093   Data           1  can.o(.data)
    g_watie_Motec_zijian_enable              0x10000094   Data           1  can.o(.data)
    g_watie_Motec_zijian_shangdian           0x10000095   Data           1  can.o(.data)
    g_AGV_yaokong                            0x10000098   Data           8  can.o(.data)
    g_Ct_chugui                              0x100000a0   Data           4  can.o(.data)
    g_succese_Motec_init                     0x100000a4   Data           5  can.o(.data)
    CanOpen_buff                             0x100000a9   Data           8  can.o(.data)
    g_Init_OK_Motec                          0x100000b1   Data           1  can.o(.data)
    Cdh1_Inc                                 0x100000b4   Data           4  cdhdata.o(.data)
    Cdh2_Inc                                 0x100000b8   Data           4  cdhdata.o(.data)
    Cdh3_Inc                                 0x100000bc   Data           4  cdhdata.o(.data)
    Cdh4_Inc                                 0x100000c0   Data           4  cdhdata.o(.data)
    DWQ1_Inc                                 0x100000c4   Data           4  cdhdata.o(.data)
    DWQ2_Inc                                 0x100000c8   Data           4  cdhdata.o(.data)
    DWQ3_Inc                                 0x100000cc   Data           4  cdhdata.o(.data)
    DWQ4_Inc                                 0x100000d0   Data           4  cdhdata.o(.data)
    g_Trun_Val                               0x100000d4   Data           1  cdhdata.o(.data)
    HmiRouteNumFlag                          0x100000d6   Data           2  route.o(.data)
    HmiRouteCopiedNumTemp                    0x100000d8   Data           2  route.o(.data)
    HmiProcessNumFlag                        0x100000da   Data           2  route.o(.data)
    HmiProcessCopiedNumTemp                  0x100000dc   Data           2  route.o(.data)
    XFS_StopCom                              0x100000de   Data           4  xf.o(.data)
    XFS_SuspendCom                           0x100000e2   Data           4  xf.o(.data)
    XFS_RecoverCom                           0x100000e6   Data           4  xf.o(.data)
    XFS_ChackCom                             0x100000ea   Data           4  xf.o(.data)
    XFS_PowerDownCom                         0x100000ee   Data           4  xf.o(.data)
    XIAO_YAN                                 0x100000f2   Data           9  xf.o(.data)
    XU_JIU                                   0x100000fb   Data          10  xf.o(.data)
    YU_DUO                                   0x10000105   Data          10  xf.o(.data)
    XIAO_PING                                0x1000010f   Data          10  xf.o(.data)
    LAO_YA                                   0x10000119   Data          10  xf.o(.data)
    XIAO_BAO                                 0x10000123   Data          10  xf.o(.data)
    YIN_LIANG0                               0x1000012d   Data           9  xf.o(.data)
    YIN_LIANG1                               0x10000136   Data           9  xf.o(.data)
    YIN_LIANG2                               0x1000013f   Data           9  xf.o(.data)
    YIN_LIANG3                               0x10000148   Data           9  xf.o(.data)
    YIN_LIANG4                               0x10000151   Data           9  xf.o(.data)
    YIN_LIANG5                               0x1000015a   Data           9  xf.o(.data)
    YIN_LIANG6                               0x10000163   Data           9  xf.o(.data)
    YIN_LIANG7                               0x1000016c   Data           9  xf.o(.data)
    YIN_LIANG8                               0x10000175   Data           9  xf.o(.data)
    YIN_LIANG9                               0x1000017e   Data           9  xf.o(.data)
    YIN_SU0                                  0x10000187   Data           9  xf.o(.data)
    YIN_SU1                                  0x10000190   Data           9  xf.o(.data)
    YIN_SU2                                  0x10000199   Data           9  xf.o(.data)
    YIN_SU3                                  0x100001a2   Data           9  xf.o(.data)
    YIN_SU4                                  0x100001ab   Data           9  xf.o(.data)
    YIN_SU5                                  0x100001b4   Data           9  xf.o(.data)
    YIN_SU6                                  0x100001bd   Data           9  xf.o(.data)
    YIN_SU7                                  0x100001c6   Data           9  xf.o(.data)
    YIN_SU8                                  0x100001cf   Data           9  xf.o(.data)
    YIN_SU9                                  0x100001d8   Data           9  xf.o(.data)
    YIN_DIAO0                                0x100001e1   Data           9  xf.o(.data)
    YIN_DIAO1                                0x100001ea   Data           9  xf.o(.data)
    YIN_DIAO2                                0x100001f3   Data           9  xf.o(.data)
    YIN_DIAO3                                0x100001fc   Data           9  xf.o(.data)
    YIN_DIAO4                                0x10000205   Data           9  xf.o(.data)
    YIN_DIAO5                                0x1000020e   Data           9  xf.o(.data)
    YIN_DIAO6                                0x10000217   Data           9  xf.o(.data)
    YIN_DIAO7                                0x10000220   Data           9  xf.o(.data)
    YIN_DIAO8                                0x10000229   Data           9  xf.o(.data)
    YIN_DIAO9                                0x10000232   Data           9  xf.o(.data)
    sendlength                               0x1000023c   Data           2  modbus_slave.o(.data)
    rece_index                               0x1000023e   Data           1  dma.o(.data)
    rece2_index                              0x1000023f   Data           1  dma.o(.data)
    rece6_index                              0x10000240   Data           1  dma.o(.data)
    rece3_index                              0x10000241   Data           1  dma.o(.data)
    u6sendflag                               0x10000242   Data           1  dma.o(.data)
    OSPrioTbl                                0x10000258   Data           8  os_prio.o(.data)
    OS_AppTaskCreateHookPtr                  0x10000260   Data           4  os_var.o(.data)
    OS_AppTaskDelHookPtr                     0x10000264   Data           4  os_var.o(.data)
    OS_AppTaskReturnHookPtr                  0x10000268   Data           4  os_var.o(.data)
    OS_AppIdleTaskHookPtr                    0x1000026c   Data           4  os_var.o(.data)
    OS_AppStatTaskHookPtr                    0x10000270   Data           4  os_var.o(.data)
    OS_AppTaskSwHookPtr                      0x10000274   Data           4  os_var.o(.data)
    OS_AppTimeTickHookPtr                    0x10000278   Data           4  os_var.o(.data)
    OSIdleTaskCtr                            0x1000027c   Data           4  os_var.o(.data)
    OSIntNestingCtr                          0x10000280   Data           1  os_var.o(.data)
    OSRunning                                0x10000281   Data           1  os_var.o(.data)
    OSIntQInPtr                              0x10000284   Data           4  os_var.o(.data)
    OSIntQOutPtr                             0x10000288   Data           4  os_var.o(.data)
    OSIntQNbrEntries                         0x1000028c   Data           2  os_var.o(.data)
    OSIntQNbrEntriesMax                      0x1000028e   Data           2  os_var.o(.data)
    OSIntQOvfCtr                             0x10000290   Data           2  os_var.o(.data)
    OSIntQTaskTimeMax                        0x10000294   Data           4  os_var.o(.data)
    OSFlagDbgListPtr                         0x10000298   Data           4  os_var.o(.data)
    OSFlagQty                                0x1000029c   Data           2  os_var.o(.data)
    OSMemDbgListPtr                          0x100002a0   Data           4  os_var.o(.data)
    OSMemQty                                 0x100002a4   Data           2  os_var.o(.data)
    OSMutexDbgListPtr                        0x100002a8   Data           4  os_var.o(.data)
    OSMutexQty                               0x100002ac   Data           2  os_var.o(.data)
    OSPrioCur                                0x100002ae   Data           1  os_var.o(.data)
    OSPrioHighRdy                            0x100002af   Data           1  os_var.o(.data)
    OSPrioSaved                              0x100002b0   Data           1  os_var.o(.data)
    OSQDbgListPtr                            0x100002b4   Data           4  os_var.o(.data)
    OSQQty                                   0x100002b8   Data           2  os_var.o(.data)
    OSSchedLockTimeBegin                     0x100002bc   Data           4  os_var.o(.data)
    OSSchedLockTimeMax                       0x100002c0   Data           4  os_var.o(.data)
    OSSchedLockTimeMaxCur                    0x100002c4   Data           4  os_var.o(.data)
    OSSchedLockNestingCtr                    0x100002c8   Data           1  os_var.o(.data)
    OSSchedRoundRobinDfltTimeQuanta          0x100002cc   Data           4  os_var.o(.data)
    OSSchedRoundRobinEn                      0x100002d0   Data           1  os_var.o(.data)
    OSSemDbgListPtr                          0x100002d4   Data           4  os_var.o(.data)
    OSSemQty                                 0x100002d8   Data           2  os_var.o(.data)
    OSStatResetFlag                          0x100002da   Data           1  os_var.o(.data)
    OSStatTaskCPUUsage                       0x100002dc   Data           2  os_var.o(.data)
    OSStatTaskCPUUsageMax                    0x100002de   Data           2  os_var.o(.data)
    OSStatTaskCtr                            0x100002e0   Data           4  os_var.o(.data)
    OSStatTaskCtrMax                         0x100002e4   Data           4  os_var.o(.data)
    OSStatTaskCtrRun                         0x100002e8   Data           4  os_var.o(.data)
    OSStatTaskRdy                            0x100002ec   Data           1  os_var.o(.data)
    OSStatTaskTimeMax                        0x100002f0   Data           4  os_var.o(.data)
    OSTaskCtxSwCtr                           0x100002f4   Data           4  os_var.o(.data)
    OSTaskDbgListPtr                         0x100002f8   Data           4  os_var.o(.data)
    OSTaskQty                                0x100002fc   Data           2  os_var.o(.data)
    OSTaskRegNextAvailID                     0x100002fe   Data           1  os_var.o(.data)
    OSTickCtr                                0x10000300   Data           4  os_var.o(.data)
    OSTickTaskTimeMax                        0x10000304   Data           4  os_var.o(.data)
    OSTmrDbgListPtr                          0x10000308   Data           4  os_var.o(.data)
    OSTmrQty                                 0x1000030c   Data           2  os_var.o(.data)
    OSTmrTaskTimeMax                         0x10000310   Data           4  os_var.o(.data)
    OSTmrTickCtr                             0x10000314   Data           4  os_var.o(.data)
    OSTmrUpdateCnt                           0x10000318   Data           4  os_var.o(.data)
    OSTmrUpdateCtr                           0x1000031c   Data           4  os_var.o(.data)
    OSTCBCurPtr                              0x10000320   Data           4  os_var.o(.data)
    OSTCBHighRdyPtr                          0x10000324   Data           4  os_var.o(.data)
    OS_CPU_ExceptStkBase                     0x10000328   Data           4  os_cpu_c.o(.data)
    g_ethernet_RXbuff                        0x1000032c   Data         250  ethernet.o(.bss)
    g_ethernet_TXbuff                        0x10000426   Data         250  ethernet.o(.bss)
    PID                                      0x10000520   Data          32  pid.o(.bss)
    PID2                                     0x10000540   Data          32  pid.o(.bss)
    front_cdh16                              0x10000560   Data          28  cdhdata.o(.bss)
    back_cdh16                               0x1000057c   Data          28  cdhdata.o(.bss)
    backl_cdh8                               0x10000598   Data          28  cdhdata.o(.bss)
    backr_cdh8                               0x100005b4   Data          28  cdhdata.o(.bss)
    findtemp                                 0x100005d0   Data          28  cdhdata.o(.bss)
    g_CDH8_qian_1                            0x100005ec   Data          28  cdhdata.o(.bss)
    g_CDH8_qian_2                            0x10000608   Data          28  cdhdata.o(.bss)
    g_CDH8_hou_1                             0x10000624   Data          28  cdhdata.o(.bss)
    g_CDH8_hou_2                             0x10000640   Data          28  cdhdata.o(.bss)
    PID_speed                                0x1000065c   Data          16  cdhdata.o(.bss)
    PID__SD_speed                            0x1000066c   Data          16  cdhdata.o(.bss)
    PLC_InPut                                0x1000067c   Data         256  modbus_slave.o(.bss)
    PLC_OutPut                               0x1000077c   Data         256  modbus_slave.o(.bss)
    PLC_Data                                 0x1000087c   Data         512  modbus_slave.o(.bss)
    OSCfg_IdleTaskStk                        0x10000a7c   Data         512  os_cfg_app.o(.bss)
    OSCfg_IntQ                               0x10000c7c   Data         320  os_cfg_app.o(.bss)
    OSCfg_IntQTaskStk                        0x10000dbc   Data         512  os_cfg_app.o(.bss)
    OSCfg_ISRStk                             0x10000fbc   Data         512  os_cfg_app.o(.bss)
    OSCfg_MsgPool                            0x100011bc   Data        1600  os_cfg_app.o(.bss)
    OSCfg_StatTaskStk                        0x100017fc   Data         512  os_cfg_app.o(.bss)
    OSCfg_TickTaskStk                        0x100019fc   Data         512  os_cfg_app.o(.bss)
    OSCfg_TickWheel                          0x10001bfc   Data         136  os_cfg_app.o(.bss)
    OSCfg_TmrTaskStk                         0x10001c84   Data         512  os_cfg_app.o(.bss)
    OSCfg_TmrWheel                           0x10001e84   Data         136  os_cfg_app.o(.bss)
    g_Senser_Enable                          0x20000000   Data           6  button.o(.data)
    g_AGV_Car_STOP                           0x20000006   Data           1  button.o(.data)
    g_xz_dwq                                 0x20000008   Data           4  motor.o(.data)
    g_XZ_Ok                                  0x2000000c   Data           1  motor.o(.data)
    g_XZ_Beep                                0x2000000d   Data           1  motor.o(.data)
    g_CtXunZheng                             0x2000000e   Data           7  motor.o(.data)
    g_CT_XZ_jiian                            0x20000015   Data           1  motor.o(.data)
    g_glag_bizhang                           0x20000016   Data           1  motor.o(.data)
    g_Start_flag                             0x20000017   Data           9  motor.o(.data)
    W25QXX_TYPE                              0x20000020   Data           2  w25qxx.o(.data)
    g_Speaker_delay                          0x20000022   Data           2  speaker.o(.data)
    g_AGV_Sta                                0x20000024   Data           5  agv.o(.data)
    g_RuanQi_Speed                           0x2000002a   Data           2  control.o(.data)
    CPU_TS_TmrFreq_Hz                        0x2000002c   Data           4  cpu_core.o(.data)
    LocalAddress                             0x20000030   Data           2  dbus.o(.data)
    DBUS_RECIVE_DOUBLE_LEN                   0x20000032   Data           2  dbus.o(.data)
    DBUS_RECIVE_LEN                          0x20000034   Data           2  dbus.o(.data)
    SEND_CALLBACK                            0x20000038   Data           4  dbus.o(.data)
    DELAY_CALLBACK                           0x2000003c   Data           4  dbus.o(.data)
    DBUS_HEAD                                0x20000040   Data           1  dbus.o(.data)
    DBUS_END                                 0x20000041   Data           1  dbus.o(.data)
    DBUS_REGEX                               0x20000044   Data           4  dbus.o(.data)
    FrameID                                  0x20000048   Data           2  dbus.o(.data)
    Dbus                                     0x2000004c   Data          60  dbus.o(.data)
    StartTaskTCB                             0x20000088   Data         196  main.o(.bss)
    START_TASK_STK                           0x2000014c   Data        2048  main.o(.bss)
    TransducerTaskTCB                        0x2000094c   Data         196  main.o(.bss)
    Transducer_TASK_STK                      0x20000a10   Data        2048  main.o(.bss)
    FloatTaskTCB                             0x20001210   Data         196  main.o(.bss)
    FLOAT_TASK_STK                           0x200012d8   Data        2048  main.o(.bss)
    MOTECTaskTCB                             0x20001ad8   Data         196  main.o(.bss)
    motec_TASK_STK                           0x20001b9c   Data        1024  main.o(.bss)
    AutoTaskTCB                              0x20001f9c   Data         196  main.o(.bss)
    Auto_TASK_STK                            0x20002060   Data        2048  main.o(.bss)
    PIDTaskTCB                               0x20002860   Data         196  main.o(.bss)
    PID_TASK_STK                             0x20002924   Data        2048  main.o(.bss)
    ManualTaskTCB                            0x20003124   Data         196  main.o(.bss)
    Manual_TASK_STK                          0x200031e8   Data        2048  main.o(.bss)
    ScreenTaskTCB                            0x200039e8   Data         196  main.o(.bss)
    Screen_TASK_STK                          0x20003aac   Data        2048  main.o(.bss)
    Task5_TaskTCB                            0x200042ac   Data         196  main.o(.bss)
    Task5_TASK_STK                           0x20004370   Data        2048  main.o(.bss)
    WIFITaskTCB                              0x20004b70   Data         196  main.o(.bss)
    WIFI_TASK_STK                            0x20004c34   Data        2048  main.o(.bss)
    guntongTaskTCB                           0x20005434   Data         196  main.o(.bss)
    guntong_TASK_STK                         0x200054f8   Data        2048  main.o(.bss)
    DCvTaskTCB                               0x20005cf8   Data         196  main.o(.bss)
    DCv_TASK_STK                             0x20005dbc   Data         512  main.o(.bss)
    HEARTBEATTaskTCB                         0x20005fbc   Data         196  main.o(.bss)
    HEARTBEAT_TASK_STK                       0x20006080   Data        2048  main.o(.bss)
    OPENBOXTaskTCB                           0x20006880   Data         196  main.o(.bss)
    OPENBOX_TASK_STK                         0x20006944   Data        4096  main.o(.bss)
    AGV_input_24V_buff                       0x20007944   Data          16  button.o(.bss)
    W25QXX_BUFFER                            0x20007954   Data        4096  w25qxx.o(.bss)
    Buffer_Read                              0x20008954   Data        2000  w25qxx.o(.bss)
    Buffer_Write                             0x20009124   Data        2000  w25qxx.o(.bss)
    g_battery_RXbuff                         0x200098f4   Data         128  battery.o(.bss)
    g_warning                                0x20009974   Data         256  battery.o(.bss)
    g_AD_Value                               0x20009a78   Data         180  dianweiqi.o(.bss)
    g_ADC_dianweiqi                          0x20009b30   Data          16  dianweiqi.o(.bss)
    g_DWQ                                    0x20009b40   Data          12  dianweiqi.o(.bss)
    g_Get_RFID_buff                          0x20009b4c   Data          16  can.o(.bss)
    g_cinavi1_RXbuff                         0x20009b5c   Data          16  can.o(.bss)
    g_cinavi2_RXbuff                         0x20009b6c   Data          16  can.o(.bss)
    g_cinavi3_RXbuff                         0x20009b7c   Data          16  can.o(.bss)
    g_cinavi4_RXbuff                         0x20009b8c   Data          16  can.o(.bss)
    g_SD_buff                                0x20009b9c   Data          64  can.o(.bss)
    g_CANOPEN_RX_buff                        0x20009bdc   Data          90  can.o(.bss)
    CANOPEN_RxMessage                        0x20009c38   Data          20  can.o(.bss)
    SystemParameter                          0x20009c4c   Data         202  route.o(.bss)
    RouteStationNum                          0x20009d16   Data        1000  route.o(.bss)
    NowRouteInfor                            0x2000a0fe   Data        4000  route.o(.bss)
    StationInfor                             0x2000b09e   Data          40  route.o(.bss)
    ProcessStepNum                           0x2000b0c6   Data        1000  route.o(.bss)
    NowProcessInfor                          0x2000b4ae   Data        1000  route.o(.bss)
    agv_routr2station                        0x2000b896   Data         800  route.o(.bss)
    sendBuf                                  0x2000bbb6   Data         250  dma.o(.bss)
    receBuf                                  0x2000bcb0   Data         250  dma.o(.bss)
    rece_buf                                 0x2000bdaa   Data         250  dma.o(.bss)
    send_buf                                 0x2000bea4   Data         250  dma.o(.bss)
    rece6_buf                                0x2000bf9e   Data         250  dma.o(.bss)
    send6_buf                                0x2000c098   Data         250  dma.o(.bss)
    rece3_buf                                0x2000c192   Data         250  dma.o(.bss)
    send3_buf                                0x2000c28c   Data         250  dma.o(.bss)
    AGV_SYS                                  0x2000c388   Data          56  agv.o(.bss)
    CPU_Name                                 0x2000c3c0   Data          16  cpu_core.o(.bss)
    OSIdleTaskTCB                            0x2000c3d0   Data         196  os_var.o(.bss)
    OSIntQTaskTCB                            0x2000c494   Data         196  os_var.o(.bss)
    OSMsgPool                                0x2000c558   Data          12  os_var.o(.bss)
    OSRdyList                                0x2000c564   Data         768  os_var.o(.bss)
    OSStatTaskTCB                            0x2000c864   Data         196  os_var.o(.bss)
    OSTickTaskTCB                            0x2000c928   Data         196  os_var.o(.bss)
    OSTmrTaskTCB                             0x2000c9ec   Data         196  os_var.o(.bss)
    Register                                 0x2000cab0   Data         256  dbus.o(.bss)
    DBUS_RECIVE_BUF                          0x2000cbb0   Data        2048  dbus.o(.bss)
    DBUS_RESPONSE_BUF                        0x2000d3b0   Data       10240  dbus.o(.bss)
    DBUS_RECIVE_DOUBLE_BUF                   0x2000fbb0   Data        2048  dbus.o(.bss)
    OpenBox_temp                             0x200103b0   Data        1024  dbus.o(.bss)
    OpenBox_buf                              0x200107b0   Data        1024  dbus.o(.bss)
    TX_BUF                                   0x20010bb0   Data        1024  dbus.o(.bss)
    Send_TX_BUF                              0x20010fb0   Data        1024  dbus.o(.bss)
    dataBuf                                  0x200113b0   Data         256  dbus.o(.bss)
    __libspace_start                         0x200114b0   Data          96  libspace.o(.bss)
    __temporary_stack_top$libspace           0x20011510   Data           0  libspace.o(.bss)



==============================================================================

Memory Map of the image

  Image Entry point : 0x08000189

  Load Region LR_IROM1 (Base: 0x08000000, Size: 0x0000db74, Max: 0x00080000, ABSOLUTE, COMPRESSED[0x0000d8f4])

    Execution Region ER_IROM1 (Exec base: 0x08000000, Load base: 0x08000000, Size: 0x0000d7c0, Max: 0x00080000, ABSOLUTE)

    Exec Addr    Load Addr    Size         Type   Attr      Idx    E Section Name        Object

    0x08000000   0x08000000   0x00000188   Data   RO         2044    RESET               startup_stm32f40_41xxx.o
    0x08000188   0x08000188   0x00000008   Code   RO         6332  * !!!main             c_w.l(__main.o)
    0x08000190   0x08000190   0x00000034   Code   RO         6630    !!!scatter          c_w.l(__scatter.o)
    0x080001c4   0x080001c4   0x0000005a   Code   RO         6628    !!dczerorl2         c_w.l(__dczerorl2.o)
    0x0800021e   0x0800021e   0x00000002   PAD
    0x08000220   0x08000220   0x0000001a   Code   RO         6632    !!handler_copy      c_w.l(__scatter_copy.o)
    0x0800023a   0x0800023a   0x00000002   PAD
    0x0800023c   0x0800023c   0x0000001c   Code   RO         6634    !!handler_zi        c_w.l(__scatter_zi.o)
    0x08000258   0x08000258   0x00000000   Code   RO         6321    .ARM.Collect$$_printf_percent$$00000000  c_w.l(_printf_percent.o)
    0x08000258   0x08000258   0x00000006   Code   RO         6320    .ARM.Collect$$_printf_percent$$00000009  c_w.l(_printf_d.o)
    0x0800025e   0x0800025e   0x00000004   Code   RO         6399    .ARM.Collect$$_printf_percent$$00000017  c_w.l(_printf_percent_end.o)
    0x08000262   0x08000262   0x00000002   Code   RO         6492    .ARM.Collect$$libinit$$00000000  c_w.l(libinit.o)
    0x08000264   0x08000264   0x00000004   Code   RO         6514    .ARM.Collect$$libinit$$00000001  c_w.l(libinit2.o)
    0x08000268   0x08000268   0x00000000   Code   RO         6517    .ARM.Collect$$libinit$$00000004  c_w.l(libinit2.o)
    0x08000268   0x08000268   0x00000000   Code   RO         6520    .ARM.Collect$$libinit$$0000000A  c_w.l(libinit2.o)
    0x08000268   0x08000268   0x00000000   Code   RO         6522    .ARM.Collect$$libinit$$0000000C  c_w.l(libinit2.o)
    0x08000268   0x08000268   0x00000000   Code   RO         6524    .ARM.Collect$$libinit$$0000000E  c_w.l(libinit2.o)
    0x08000268   0x08000268   0x00000000   Code   RO         6527    .ARM.Collect$$libinit$$00000011  c_w.l(libinit2.o)
    0x08000268   0x08000268   0x00000000   Code   RO         6529    .ARM.Collect$$libinit$$00000013  c_w.l(libinit2.o)
    0x08000268   0x08000268   0x00000000   Code   RO         6531    .ARM.Collect$$libinit$$00000015  c_w.l(libinit2.o)
    0x08000268   0x08000268   0x00000000   Code   RO         6533    .ARM.Collect$$libinit$$00000017  c_w.l(libinit2.o)
    0x08000268   0x08000268   0x00000000   Code   RO         6535    .ARM.Collect$$libinit$$00000019  c_w.l(libinit2.o)
    0x08000268   0x08000268   0x00000000   Code   RO         6537    .ARM.Collect$$libinit$$0000001B  c_w.l(libinit2.o)
    0x08000268   0x08000268   0x00000000   Code   RO         6539    .ARM.Collect$$libinit$$0000001D  c_w.l(libinit2.o)
    0x08000268   0x08000268   0x00000000   Code   RO         6541    .ARM.Collect$$libinit$$0000001F  c_w.l(libinit2.o)
    0x08000268   0x08000268   0x00000000   Code   RO         6543    .ARM.Collect$$libinit$$00000021  c_w.l(libinit2.o)
    0x08000268   0x08000268   0x00000000   Code   RO         6545    .ARM.Collect$$libinit$$00000023  c_w.l(libinit2.o)
    0x08000268   0x08000268   0x00000000   Code   RO         6547    .ARM.Collect$$libinit$$00000025  c_w.l(libinit2.o)
    0x08000268   0x08000268   0x00000000   Code   RO         6551    .ARM.Collect$$libinit$$0000002C  c_w.l(libinit2.o)
    0x08000268   0x08000268   0x00000000   Code   RO         6553    .ARM.Collect$$libinit$$0000002E  c_w.l(libinit2.o)
    0x08000268   0x08000268   0x00000000   Code   RO         6555    .ARM.Collect$$libinit$$00000030  c_w.l(libinit2.o)
    0x08000268   0x08000268   0x00000000   Code   RO         6557    .ARM.Collect$$libinit$$00000032  c_w.l(libinit2.o)
    0x08000268   0x08000268   0x00000002   Code   RO         6558    .ARM.Collect$$libinit$$00000033  c_w.l(libinit2.o)
    0x0800026a   0x0800026a   0x00000002   Code   RO         6584    .ARM.Collect$$libshutdown$$00000000  c_w.l(libshutdown.o)
    0x0800026c   0x0800026c   0x00000000   Code   RO         6611    .ARM.Collect$$libshutdown$$00000002  c_w.l(libshutdown2.o)
    0x0800026c   0x0800026c   0x00000000   Code   RO         6613    .ARM.Collect$$libshutdown$$00000004  c_w.l(libshutdown2.o)
    0x0800026c   0x0800026c   0x00000000   Code   RO         6616    .ARM.Collect$$libshutdown$$00000007  c_w.l(libshutdown2.o)
    0x0800026c   0x0800026c   0x00000000   Code   RO         6619    .ARM.Collect$$libshutdown$$0000000A  c_w.l(libshutdown2.o)
    0x0800026c   0x0800026c   0x00000000   Code   RO         6621    .ARM.Collect$$libshutdown$$0000000C  c_w.l(libshutdown2.o)
    0x0800026c   0x0800026c   0x00000000   Code   RO         6624    .ARM.Collect$$libshutdown$$0000000F  c_w.l(libshutdown2.o)
    0x0800026c   0x0800026c   0x00000002   Code   RO         6625    .ARM.Collect$$libshutdown$$00000010  c_w.l(libshutdown2.o)
    0x0800026e   0x0800026e   0x00000000   Code   RO         6336    .ARM.Collect$$rtentry$$00000000  c_w.l(__rtentry.o)
    0x0800026e   0x0800026e   0x00000000   Code   RO         6414    .ARM.Collect$$rtentry$$00000002  c_w.l(__rtentry2.o)
    0x0800026e   0x0800026e   0x00000006   Code   RO         6426    .ARM.Collect$$rtentry$$00000004  c_w.l(__rtentry4.o)
    0x08000274   0x08000274   0x00000000   Code   RO         6416    .ARM.Collect$$rtentry$$00000009  c_w.l(__rtentry2.o)
    0x08000274   0x08000274   0x00000004   Code   RO         6417    .ARM.Collect$$rtentry$$0000000A  c_w.l(__rtentry2.o)
    0x08000278   0x08000278   0x00000000   Code   RO         6419    .ARM.Collect$$rtentry$$0000000C  c_w.l(__rtentry2.o)
    0x08000278   0x08000278   0x00000008   Code   RO         6420    .ARM.Collect$$rtentry$$0000000D  c_w.l(__rtentry2.o)
    0x08000280   0x08000280   0x00000002   Code   RO         6501    .ARM.Collect$$rtexit$$00000000  c_w.l(rtexit.o)
    0x08000282   0x08000282   0x00000000   Code   RO         6560    .ARM.Collect$$rtexit$$00000002  c_w.l(rtexit2.o)
    0x08000282   0x08000282   0x00000004   Code   RO         6561    .ARM.Collect$$rtexit$$00000003  c_w.l(rtexit2.o)
    0x08000286   0x08000286   0x00000006   Code   RO         6562    .ARM.Collect$$rtexit$$00000004  c_w.l(rtexit2.o)
    0x0800028c   0x0800028c   0x00000040   Code   RO         2045    .text               startup_stm32f40_41xxx.o
    0x080002cc   0x080002cc   0x00000034   Code   RO         4442    .text               cpu_a.o
    0x08000300   0x08000300   0x00000002   Code   RO         6286    .text               c_w.l(use_no_semi_2.o)
    0x08000302   0x08000302   0x00000002   PAD
    0x08000304   0x08000304   0x0000002c   Code   RO         6292    .text               c_w.l(__2sprintf.o)
    0x08000330   0x08000330   0x00000078   Code   RO         6298    .text               c_w.l(_printf_dec.o)
    0x080003a8   0x080003a8   0x00000188   Code   RO         6317    .text               c_w.l(__printf_flags_ss_wp.o)
    0x08000530   0x08000530   0x0000003e   Code   RO         6322    .text               c_w.l(strlen.o)
    0x0800056e   0x0800056e   0x0000008a   Code   RO         6324    .text               c_w.l(rt_memcpy_v6.o)
    0x080005f8   0x080005f8   0x00000064   Code   RO         6326    .text               c_w.l(rt_memcpy_w.o)
    0x0800065c   0x0800065c   0x00000044   Code   RO         6328    .text               c_w.l(rt_memclr.o)
    0x080006a0   0x080006a0   0x00000006   Code   RO         6330    .text               c_w.l(heapauxi.o)
    0x080006a6   0x080006a6   0x00000002   Code   RO         6334    .text               c_w.l(use_no_semi.o)
    0x080006a8   0x080006a8   0x000000b2   Code   RO         6347    .text               c_w.l(_printf_intcommon.o)
    0x0800075a   0x0800075a   0x00000002   PAD
    0x0800075c   0x0800075c   0x00000030   Code   RO         6351    .text               c_w.l(_printf_char_common.o)
    0x0800078c   0x0800078c   0x0000000a   Code   RO         6353    .text               c_w.l(_sputc.o)
    0x08000796   0x08000796   0x0000004e   Code   RO         6409    .text               c_w.l(rt_memclr_w.o)
    0x080007e4   0x080007e4   0x0000004a   Code   RO         6442    .text               c_w.l(sys_stackheap_outer.o)
    0x0800082e   0x0800082e   0x00000012   Code   RO         6481    .text               c_w.l(exit.o)
    0x08000840   0x08000840   0x00000008   Code   RO         6498    .text               c_w.l(libspace.o)
    0x08000848   0x08000848   0x000000ac   Code   RO         6056    CODE                os_cpu_a.o
    0x080008f4   0x080008f4   0x000000b0   Code   RO         1134    i.ADC1_Configuration  dianweiqi.o
    0x080009a4   0x080009a4   0x00000016   Code   RO         2777    i.ADC_Cmd           stm32f4xx_adc.o
    0x080009ba   0x080009ba   0x00000002   PAD
    0x080009bc   0x080009bc   0x00000030   Code   RO         2778    i.ADC_CommonInit    stm32f4xx_adc.o
    0x080009ec   0x080009ec   0x00000016   Code   RO         2781    i.ADC_DMACmd        stm32f4xx_adc.o
    0x08000a02   0x08000a02   0x00000016   Code   RO         2782    i.ADC_DMARequestAfterLastTransferCmd  stm32f4xx_adc.o
    0x08000a18   0x08000a18   0x00000054   Code   RO         2797    i.ADC_Init          stm32f4xx_adc.o
    0x08000a6c   0x08000a6c   0x000000b8   Code   RO         2802    i.ADC_RegularChannelConfig  stm32f4xx_adc.o
    0x08000b24   0x08000b24   0x0000000a   Code   RO         2804    i.ADC_SoftwareStartConv  stm32f4xx_adc.o
    0x08000b2e   0x08000b2e   0x00000002   PAD
    0x08000b30   0x08000b30   0x00000024   Code   RO         1204    i.AGV_CanOpen_Send  can.o
    0x08000b54   0x08000b54   0x00000078   Code   RO         1205    i.AGV_CanOpen_Send1  can.o
    0x08000bcc   0x08000bcc   0x00000078   Code   RO         1206    i.AGV_CanOpen_Send2  can.o
    0x08000c44   0x08000c44   0x0000003c   Code   RO         1207    i.AGV_CanOpen_Send3  can.o
    0x08000c80   0x08000c80   0x00000134   Code   RO          653    i.AGV_Stop2Start    motor.o
    0x08000db4   0x08000db4   0x0000001c   Code   RO          654    i.AGV_System_Start  motor.o
    0x08000dd0   0x08000dd0   0x0000001c   Code   RO          655    i.AGV_System_Stop   motor.o
    0x08000dec   0x08000dec   0x00000054   Code   RO         1406    i.ActiveProcess     route.o
    0x08000e40   0x08000e40   0x0000012c   Code   RO         6125    i.Analyze           dbus.lib(dbus.o)
    0x08000f6c   0x08000f6c   0x00000108   Code   RO         1637    i.AnalyzeRecieve    modbus_slave.o
    0x08001074   0x08001074   0x00000070   Code   RO            3    i.Auto_task         main.o
    0x080010e4   0x080010e4   0x0000000e   Code   RO         4223    i.BSP_CPU_ClkFreq   bsp.o
    0x080010f2   0x080010f2   0x00000004   Code   RO          405    i.BusFault_Handler  stm32f4xx_it.o
    0x080010f6   0x080010f6   0x00000002   PAD
    0x080010f8   0x080010f8   0x000000fc   Code   RO         1208    i.CAN1_Mode_Init    can.o
    0x080011f4   0x080011f4   0x0000026c   Code   RO         1209    i.CAN1_RX0_IRQHandler  can.o
    0x08001460   0x08001460   0x00000100   Code   RO         1211    i.CAN2_Mode_Init    can.o
    0x08001560   0x08001560   0x00000128   Code   RO         1212    i.CAN2_RX0_IRQHandler  can.o
    0x08001688   0x08001688   0x00000074   Code   RO         1214    i.CAN2_Send_Msg     can.o
    0x080016fc   0x080016fc   0x00000108   Code   RO         4004    i.CAN_FilterInit    stm32f4xx_can.o
    0x08001804   0x08001804   0x00000012   Code   RO         4010    i.CAN_ITConfig      stm32f4xx_can.o
    0x08001816   0x08001816   0x00000114   Code   RO         4011    i.CAN_Init          stm32f4xx_can.o
    0x0800192a   0x0800192a   0x000000f0   Code   RO         4014    i.CAN_Receive       stm32f4xx_can.o
    0x08001a1a   0x08001a1a   0x00000126   Code   RO         4019    i.CAN_Transmit      stm32f4xx_can.o
    0x08001b40   0x08001b40   0x000000a0   Code   RO         4020    i.CAN_TransmitStatus  stm32f4xx_can.o
    0x08001be0   0x08001be0   0x0000000c   Code   RO         4318    i.CPU_Init          cpu_core.o
    0x08001bec   0x08001bec   0x00000030   Code   RO         4319    i.CPU_NameClr       cpu_core.o
    0x08001c1c   0x08001c1c   0x00000008   Code   RO         4321    i.CPU_NameInit      cpu_core.o
    0x08001c24   0x08001c24   0x00000014   Code   RO         4325    i.CPU_TS_Init       cpu_core.o
    0x08001c38   0x08001c38   0x0000000c   Code   RO         4327    i.CPU_TS_TmrFreqSet  cpu_core.o
    0x08001c44   0x08001c44   0x00000034   Code   RO         4225    i.CPU_TS_TmrInit    bsp.o
    0x08001c78   0x08001c78   0x0000000c   Code   RO         4226    i.CPU_TS_TmrRd      bsp.o
    0x08001c84   0x08001c84   0x0000003a   Code   RO         6126    i.CRC_CALC          dbus.lib(dbus.o)
    0x08001cbe   0x08001cbe   0x0000003a   Code   RO         1638    i.CalcCrc           modbus_slave.o
    0x08001cf8   0x08001cf8   0x00000024   Code   RO         1407    i.ClearStationToHmi  route.o
    0x08001d1c   0x08001d1c   0x00000018   Code   RO         1408    i.ClearStepToHmi    route.o
    0x08001d34   0x08001d34   0x00000188   Code   RO          656    i.CtXunZheng_hou    motor.o
    0x08001ebc   0x08001ebc   0x00000188   Code   RO          657    i.CtXunZheng_qian   motor.o
    0x08002044   0x08002044   0x00000140   Code   RO            4    i.DCv_task          main.o
    0x08002184   0x08002184   0x00000038   Code   RO         1728    i.DMA1_Stream4_IRQHandler  dma.o
    0x080021bc   0x080021bc   0x00000064   Code   RO         1135    i.DMA2_Stream0_IRQHandler  dianweiqi.o
    0x08002220   0x08002220   0x00000034   Code   RO         3014    i.DMA_ClearITPendingBit  stm32f4xx_dma.o
    0x08002254   0x08002254   0x00000016   Code   RO         3015    i.DMA_Cmd           stm32f4xx_dma.o
    0x0800226a   0x0800226a   0x00000002   PAD
    0x0800226c   0x0800226c   0x00000158   Code   RO         3016    i.DMA_DeInit        stm32f4xx_dma.o
    0x080023c4   0x080023c4   0x00000008   Code   RO         3021    i.DMA_GetCurrDataCounter  stm32f4xx_dma.o
    0x080023cc   0x080023cc   0x00000064   Code   RO         3025    i.DMA_GetITStatus   stm32f4xx_dma.o
    0x08002430   0x08002430   0x0000003a   Code   RO         3026    i.DMA_ITConfig      stm32f4xx_dma.o
    0x0800246a   0x0800246a   0x00000002   PAD
    0x0800246c   0x0800246c   0x00000058   Code   RO         3027    i.DMA_Init          stm32f4xx_dma.o
    0x080024c4   0x080024c4   0x00000004   Code   RO         3030    i.DMA_SetCurrDataCounter  stm32f4xx_dma.o
    0x080024c8   0x080024c8   0x0000006c   Code   RO         1071    i.DMA_Uart2_Init    ethernet.o
    0x08002534   0x08002534   0x00000098   Code   RO         1020    i.DMA_Uart3_Init    battery.o
    0x080025cc   0x080025cc   0x00000108   Code   RO         1729    i.DMA_Uart4_Init    dma.o
    0x080026d4   0x080026d4   0x00000080   Code   RO         1136    i.DMA_adc1_Init     dianweiqi.o
    0x08002754   0x08002754   0x00000002   Code   RO          406    i.DebugMon_Handler  stm32f4xx_it.o
    0x08002756   0x08002756   0x00000002   PAD
    0x08002758   0x08002758   0x0000000c   Code   RO         6127    i.Delay_interrupt   dbus.lib(dbus.o)
    0x08002764   0x08002764   0x0000012c   Code   RO         1409    i.DeleteProcessData  route.o
    0x08002890   0x08002890   0x00000168   Code   RO          658    i.DwqXunZheng_QH    motor.o
    0x080029f8   0x080029f8   0x000001b0   Code   RO         1355    i.FindSpace1        cdhdata.o
    0x08002ba8   0x08002ba8   0x0000002c   Code   RO         1021    i.GET_Battery       battery.o
    0x08002bd4   0x08002bd4   0x00000090   Code   RO         2096    i.GPIO_Init         stm32f4xx_gpio.o
    0x08002c64   0x08002c64   0x00000046   Code   RO         2097    i.GPIO_PinAFConfig  stm32f4xx_gpio.o
    0x08002caa   0x08002caa   0x00000004   Code   RO         2103    i.GPIO_ResetBits    stm32f4xx_gpio.o
    0x08002cae   0x08002cae   0x00000004   Code   RO         2104    i.GPIO_SetBits      stm32f4xx_gpio.o
    0x08002cb2   0x08002cb2   0x00000002   PAD
    0x08002cb4   0x08002cb4   0x00000014   Code   RO         1410    i.GetAllParameterFromSystem  route.o
    0x08002cc8   0x08002cc8   0x000000ec   Code   RO         1412    i.GetProcessData    route.o
    0x08002db4   0x08002db4   0x000000d8   Code   RO         1413    i.GetProcessDataFrom  route.o
    0x08002e8c   0x08002e8c   0x00000028   Code   RO         1414    i.GetProcessStepNum  route.o
    0x08002eb4   0x08002eb4   0x00000054   Code   RO         1415    i.GetRouteData      route.o
    0x08002f08   0x08002f08   0x0000003c   Code   RO         1416    i.GetRouteStationNum  route.o
    0x08002f44   0x08002f44   0x00000058   Code   RO         1819    i.GunTong_L         control.o
    0x08002f9c   0x08002f9c   0x00000040   Code   RO         1820    i.GunTong_R         control.o
    0x08002fdc   0x08002fdc   0x00000080   Code   RO          806    i.GunTong_Trun_L_DOWN  guntong.o
    0x0800305c   0x0800305c   0x0000007c   Code   RO          807    i.GunTong_Trun_L_UP  guntong.o
    0x080030d8   0x080030d8   0x00000080   Code   RO          808    i.GunTong_Trun_R_DOWN  guntong.o
    0x08003158   0x08003158   0x0000007c   Code   RO          809    i.GunTong_Trun_R_UP  guntong.o
    0x080031d4   0x080031d4   0x00000004   Code   RO          407    i.HardFault_Handler  stm32f4xx_it.o
    0x080031d8   0x080031d8   0x00000064   Code   RO         6128    i.Heart             dbus.lib(dbus.o)
    0x0800323c   0x0800323c   0x0000007e   Code   RO         6129    i.HexStrToDec       dbus.lib(dbus.o)
    0x080032ba   0x080032ba   0x00000002   PAD
    0x080032bc   0x080032bc   0x00000048   Code   RO         1417    i.HmiAutoReload     route.o
    0x08003304   0x08003304   0x00000030   Code   RO         1821    i.Hou_Tui           control.o
    0x08003334   0x08003334   0x00000038   Code   RO         6130    i.InPut             dbus.lib(dbus.o)
    0x0800336c   0x0800336c   0x00000078   Code   RO         1304    i.IncPIDCalc        pid.o
    0x080033e4   0x080033e4   0x00000078   Code   RO         1305    i.IncPIDCalc2       pid.o
    0x0800345c   0x0800345c   0x0000000c   Code   RO         6131    i.Init              dbus.lib(dbus.o)
    0x08003468   0x08003468   0x00000108   Code   RO         1418    i.InsertProcessData  route.o
    0x08003570   0x08003570   0x00000078   Code   RO          540    i.LED_Init          led.o
    0x080035e8   0x080035e8   0x00000046   Code   RO          660    i.LunZi_Back        motor.o
    0x0800362e   0x0800362e   0x00000046   Code   RO          661    i.LunZi_Go          motor.o
    0x08003674   0x08003674   0x000000c8   Code   RO            5    i.Manual_task       main.o
    0x0800373c   0x0800373c   0x00000004   Code   RO          408    i.MemManage_Handler  stm32f4xx_it.o
    0x08003740   0x08003740   0x00000012   Code   RO         4586    i.Mem_Clr           lib_mem.o
    0x08003752   0x08003752   0x00000054   Code   RO         4602    i.Mem_Set           lib_mem.o
    0x080037a6   0x080037a6   0x00000028   Code   RO         1215    i.Motec_init        can.o
    0x080037ce   0x080037ce   0x0000003a   Code   RO          662    i.MotoStop          motor.o
    0x08003808   0x08003808   0x00000064   Code   RO          663    i.Motor_Fzhuan      motor.o
    0x0800386c   0x0800386c   0x00000058   Code   RO          664    i.Motor_Zzhuan      motor.o
    0x080038c4   0x080038c4   0x00000002   Code   RO          409    i.NMI_Handler       stm32f4xx_it.o
    0x080038c6   0x080038c6   0x000000ee   Code   RO          520    i.NVIC_Configuration  mynvic.o
    0x080039b4   0x080039b4   0x00000078   Code   RO         2051    i.NVIC_Init         misc.o
    0x08003a2c   0x08003a2c   0x00000014   Code   RO         2052    i.NVIC_PriorityGroupConfig  misc.o
    0x08003a40   0x08003a40   0x000000fc   Code   RO         4855    i.OSCfg_Init        os_cfg_app.o
    0x08003b3c   0x08003b3c   0x00000014   Code   RO         5972    i.OSIdleTaskHook    os_cpu_c.o
    0x08003b50   0x08003b50   0x0000018c   Code   RO         4878    i.OSInit            os_core.o
    0x08003cdc   0x08003cdc   0x00000028   Code   RO         5973    i.OSInitHook        os_cpu_c.o
    0x08003d04   0x08003d04   0x0000002c   Code   RO         4879    i.OSIntEnter        os_core.o
    0x08003d30   0x08003d30   0x000000dc   Code   RO         4880    i.OSIntExit         os_core.o
    0x08003e0c   0x08003e0c   0x000000a0   Code   RO         4881    i.OSSched           os_core.o
    0x08003eac   0x08003eac   0x00000074   Code   RO         4882    i.OSSchedLock       os_core.o
    0x08003f20   0x08003f20   0x00000064   Code   RO         4883    i.OSSchedRoundRobinCfg  os_core.o
    0x08003f84   0x08003f84   0x00000094   Code   RO         4885    i.OSSchedUnlock     os_core.o
    0x08004018   0x08004018   0x00000068   Code   RO         4886    i.OSStart           os_core.o
    0x08004080   0x08004080   0x00000138   Code   RO         5578    i.OSStatReset       os_stat.o
    0x080041b8   0x080041b8   0x000000f0   Code   RO         5579    i.OSStatTaskCPUUsageInit  os_stat.o
    0x080042a8   0x080042a8   0x00000014   Code   RO         5974    i.OSStatTaskHook    os_cpu_c.o
    0x080042bc   0x080042bc   0x0000025c   Code   RO         5609    i.OSTaskCreate      os_task.o
    0x08004518   0x08004518   0x00000018   Code   RO         5975    i.OSTaskCreateHook  os_cpu_c.o
    0x08004530   0x08004530   0x000001c4   Code   RO         5610    i.OSTaskDel         os_task.o
    0x080046f4   0x080046f4   0x00000018   Code   RO         5976    i.OSTaskDelHook     os_cpu_c.o
    0x0800470c   0x0800470c   0x0000007c   Code   RO         5618    i.OSTaskResume      os_task.o
    0x08004788   0x08004788   0x00000018   Code   RO         5977    i.OSTaskReturnHook  os_cpu_c.o
    0x080047a0   0x080047a0   0x00000214   Code   RO         5619    i.OSTaskSemPend     os_task.o
    0x080049b4   0x080049b4   0x000000d4   Code   RO         5623    i.OSTaskStkChk      os_task.o
    0x08004a88   0x08004a88   0x0000025c   Code   RO         5978    i.OSTaskStkInit     os_cpu_c.o
    0x08004ce4   0x08004ce4   0x00000060   Code   RO         5624    i.OSTaskSuspend     os_task.o
    0x08004d44   0x08004d44   0x00000088   Code   RO         5979    i.OSTaskSwHook      os_cpu_c.o
    0x08004dcc   0x08004dcc   0x00000118   Code   RO         5824    i.OSTimeDly         os_time.o
    0x08004ee4   0x08004ee4   0x000001f0   Code   RO         5825    i.OSTimeDlyHMSM     os_time.o
    0x080050d4   0x080050d4   0x00000044   Code   RO         5829    i.OSTimeTick        os_time.o
    0x08005118   0x08005118   0x00000014   Code   RO         5980    i.OSTimeTickHook    os_cpu_c.o
    0x0800512c   0x0800512c   0x000001b0   Code   RO         5124    i.OS_Dbg_Init       os_dbg.o
    0x080052dc   0x080052dc   0x00000018   Code   RO         5149    i.OS_FlagInit       os_flag.o
    0x080052f4   0x080052f4   0x00000230   Code   RO         5150    i.OS_FlagPost       os_flag.o
    0x08005524   0x08005524   0x00000056   Code   RO         5151    i.OS_FlagTaskRdy    os_flag.o
    0x0800557a   0x0800557a   0x00000002   PAD
    0x0800557c   0x0800557c   0x00000044   Code   RO         4888    i.OS_IdleTask       os_core.o
    0x080055c0   0x080055c0   0x00000070   Code   RO         4889    i.OS_IdleTaskInit   os_core.o
    0x08005630   0x08005630   0x000000fc   Code   RO         5223    i.OS_IntQPost       os_int.o
    0x0800572c   0x0800572c   0x000001a4   Code   RO         5224    i.OS_IntQRePost     os_int.o
    0x080058d0   0x080058d0   0x000000b4   Code   RO         5225    i.OS_IntQTask       os_int.o
    0x08005984   0x08005984   0x00000128   Code   RO         5226    i.OS_IntQTaskInit   os_int.o
    0x08005aac   0x08005aac   0x00000018   Code   RO         5257    i.OS_MemInit        os_mem.o
    0x08005ac4   0x08005ac4   0x00000036   Code   RO         5289    i.OS_MsgPoolCreate  os_msg.o
    0x08005afa   0x08005afa   0x00000002   PAD
    0x08005afc   0x08005afc   0x00000054   Code   RO         5290    i.OS_MsgPoolInit    os_msg.o
    0x08005b50   0x08005b50   0x00000044   Code   RO         5291    i.OS_MsgQFreeAll    os_msg.o
    0x08005b94   0x08005b94   0x0000000e   Code   RO         5293    i.OS_MsgQInit       os_msg.o
    0x08005ba2   0x08005ba2   0x00000002   PAD
    0x08005ba4   0x08005ba4   0x000000fc   Code   RO         5294    i.OS_MsgQPut        os_msg.o
    0x08005ca0   0x08005ca0   0x00000018   Code   RO         5339    i.OS_MutexInit      os_mutex.o
    0x08005cb8   0x08005cb8   0x00000068   Code   RO         4890    i.OS_Pend           os_core.o
    0x08005d20   0x08005d20   0x00000026   Code   RO         4893    i.OS_PendDataInit   os_core.o
    0x08005d46   0x08005d46   0x00000002   PAD
    0x08005d48   0x08005d48   0x0000005c   Code   RO         4894    i.OS_PendDbgNameAdd  os_core.o
    0x08005da4   0x08005da4   0x00000024   Code   RO         4895    i.OS_PendDbgNameRemove  os_core.o
    0x08005dc8   0x08005dc8   0x00000066   Code   RO         4899    i.OS_PendListInsertPrio  os_core.o
    0x08005e2e   0x08005e2e   0x00000030   Code   RO         4900    i.OS_PendListRemove  os_core.o
    0x08005e5e   0x08005e5e   0x00000042   Code   RO         4901    i.OS_PendListRemove1  os_core.o
    0x08005ea0   0x08005ea0   0x000000c0   Code   RO         4904    i.OS_Post           os_core.o
    0x08005f60   0x08005f60   0x0000002a   Code   RO         4905    i.OS_Post1          os_core.o
    0x08005f8a   0x08005f8a   0x00000002   PAD
    0x08005f8c   0x08005f8c   0x00000028   Code   RO         5397    i.OS_PrioGetHighest  os_prio.o
    0x08005fb4   0x08005fb4   0x00000018   Code   RO         5398    i.OS_PrioInit       os_prio.o
    0x08005fcc   0x08005fcc   0x00000024   Code   RO         5399    i.OS_PrioInsert     os_prio.o
    0x08005ff0   0x08005ff0   0x00000024   Code   RO         5400    i.OS_PrioRemove     os_prio.o
    0x08006014   0x08006014   0x00000018   Code   RO         5443    i.OS_QInit          os_q.o
    0x0800602c   0x0800602c   0x0000014c   Code   RO         5444    i.OS_QPost          os_q.o
    0x08006178   0x08006178   0x00000024   Code   RO         4906    i.OS_RdyListInit    os_core.o
    0x0800619c   0x0800619c   0x0000002c   Code   RO         4907    i.OS_RdyListInsert  os_core.o
    0x080061c8   0x080061c8   0x00000040   Code   RO         4908    i.OS_RdyListInsertHead  os_core.o
    0x08006208   0x08006208   0x0000003c   Code   RO         4909    i.OS_RdyListInsertTail  os_core.o
    0x08006244   0x08006244   0x00000044   Code   RO         4910    i.OS_RdyListMoveHeadToTail  os_core.o
    0x08006288   0x08006288   0x0000005c   Code   RO         4911    i.OS_RdyListRemove  os_core.o
    0x080062e4   0x080062e4   0x00000054   Code   RO         4912    i.OS_Sched0         os_core.o
    0x08006338   0x08006338   0x0000001c   Code   RO         4913    i.OS_SchedLockTimeMeasStart  os_core.o
    0x08006354   0x08006354   0x0000003c   Code   RO         4914    i.OS_SchedLockTimeMeasStop  os_core.o
    0x08006390   0x08006390   0x000000d0   Code   RO         4915    i.OS_SchedRoundRobin  os_core.o
    0x08006460   0x08006460   0x00000018   Code   RO         5515    i.OS_SemInit        os_sem.o
    0x08006478   0x08006478   0x00000164   Code   RO         5516    i.OS_SemPost        os_sem.o
    0x080065dc   0x080065dc   0x0000035c   Code   RO         5580    i.OS_StatTask       os_stat.o
    0x08006938   0x08006938   0x000000cc   Code   RO         5581    i.OS_StatTaskInit   os_stat.o
    0x08006a04   0x08006a04   0x00000038   Code   RO         4916    i.OS_TaskBlock      os_core.o
    0x08006a3c   0x08006a3c   0x00000030   Code   RO         5626    i.OS_TaskDbgListAdd  os_task.o
    0x08006a6c   0x08006a6c   0x00000044   Code   RO         5627    i.OS_TaskDbgListRemove  os_task.o
    0x08006ab0   0x08006ab0   0x00000020   Code   RO         5628    i.OS_TaskInit       os_task.o
    0x08006ad0   0x08006ad0   0x000000c8   Code   RO         5629    i.OS_TaskInitTCB    os_task.o
    0x08006b98   0x08006b98   0x0000020c   Code   RO         5630    i.OS_TaskQPost      os_task.o
    0x08006da4   0x08006da4   0x0000001c   Code   RO         4917    i.OS_TaskRdy        os_core.o
    0x08006dc0   0x08006dc0   0x00000140   Code   RO         5631    i.OS_TaskResume     os_task.o
    0x08006f00   0x08006f00   0x00000018   Code   RO         5632    i.OS_TaskReturn     os_task.o
    0x08006f18   0x08006f18   0x000004c4   Code   RO         5633    i.OS_TaskSemPost    os_task.o
    0x080073dc   0x080073dc   0x00000150   Code   RO         5634    i.OS_TaskSuspend    os_task.o
    0x0800752c   0x0800752c   0x00000028   Code   RO         5776    i.OS_TickListInit   os_tick.o
    0x08007554   0x08007554   0x000001bc   Code   RO         5777    i.OS_TickListInsert  os_tick.o
    0x08007710   0x08007710   0x00000038   Code   RO         5778    i.OS_TickListRemove  os_tick.o
    0x08007748   0x08007748   0x00000024   Code   RO         5779    i.OS_TickListResetPeak  os_tick.o
    0x0800776c   0x0800776c   0x000001f8   Code   RO         5780    i.OS_TickListUpdate  os_tick.o
    0x08007964   0x08007964   0x0000002c   Code   RO         5781    i.OS_TickTask       os_tick.o
    0x08007990   0x08007990   0x000000b8   Code   RO         5782    i.OS_TickTaskInit   os_tick.o
    0x08007a48   0x08007a48   0x00000128   Code   RO         5875    i.OS_TmrInit        os_tmr.o
    0x08007b70   0x08007b70   0x000000d0   Code   RO         5876    i.OS_TmrLink        os_tmr.o
    0x08007c40   0x08007c40   0x00000024   Code   RO         5877    i.OS_TmrResetPeak   os_tmr.o
    0x08007c64   0x08007c64   0x000000c0   Code   RO         5878    i.OS_TmrTask        os_tmr.o
    0x08007d24   0x08007d24   0x00000050   Code   RO         5879    i.OS_TmrUnlink      os_tmr.o
    0x08007d74   0x08007d74   0x00000100   Code   RO         6132    i.OpenBox           dbus.lib(dbus.o)
    0x08007e74   0x08007e74   0x0000000c   Code   RO         6133    i.OutPut_interrupt  dbus.lib(dbus.o)
    0x08007e80   0x08007e80   0x00000260   Code   RO         1356    i.PID_AUTO_HouLun   cdhdata.o
    0x080080e0   0x080080e0   0x00000260   Code   RO         1357    i.PID_AUTO_QianLun  cdhdata.o
    0x08008340   0x08008340   0x00000038   Code   RO         1306    i.PID_Init          pid.o
    0x08008378   0x08008378   0x000002b0   Code   RO         1358    i.PID_SD_Adjust     cdhdata.o
    0x08008628   0x08008628   0x00000070   Code   RO            6    i.PID_task          main.o
    0x08008698   0x08008698   0x000000bc   Code   RO         6134    i.Post_Multiple_Registers  dbus.lib(dbus.o)
    0x08008754   0x08008754   0x00000084   Code   RO         6135    i.Post_Register     dbus.lib(dbus.o)
    0x080087d8   0x080087d8   0x00000030   Code   RO         1571    i.PrintCom          xf.o
    0x08008808   0x08008808   0x00000034   Code   RO         1822    i.Qi_Dong           control.o
    0x0800883c   0x0800883c   0x00000030   Code   RO         1823    i.Qian_Jin          control.o
    0x0800886c   0x0800886c   0x00000020   Code   RO         2193    i.RCC_AHB1PeriphClockCmd  stm32f4xx_rcc.o
    0x0800888c   0x0800888c   0x00000020   Code   RO         2202    i.RCC_APB1PeriphClockCmd  stm32f4xx_rcc.o
    0x080088ac   0x080088ac   0x00000020   Code   RO         2204    i.RCC_APB1PeriphResetCmd  stm32f4xx_rcc.o
    0x080088cc   0x080088cc   0x00000020   Code   RO         2205    i.RCC_APB2PeriphClockCmd  stm32f4xx_rcc.o
    0x080088ec   0x080088ec   0x000000e8   Code   RO         2214    i.RCC_GetClocksFreq  stm32f4xx_rcc.o
    0x080089d4   0x080089d4   0x00000154   Code   RO         6136    i.Read_Multiple_Registers  dbus.lib(dbus.o)
    0x08008b28   0x08008b28   0x0000012c   Code   RO         6137    i.Read_Register     dbus.lib(dbus.o)
    0x08008c54   0x08008c54   0x000000f4   Code   RO         1639    i.Recirve_01        modbus_slave.o
    0x08008d48   0x08008d48   0x0000013c   Code   RO         1640    i.Recirve_02        modbus_slave.o
    0x08008e84   0x08008e84   0x000000b8   Code   RO         1641    i.Recirve_03        modbus_slave.o
    0x08008f3c   0x08008f3c   0x000000f0   Code   RO         1642    i.Recirve_04        modbus_slave.o
    0x0800902c   0x0800902c   0x00000080   Code   RO         1643    i.Recirve_05        modbus_slave.o
    0x080090ac   0x080090ac   0x00000098   Code   RO         1644    i.Recirve_06        modbus_slave.o
    0x08009144   0x08009144   0x000000b4   Code   RO         1645    i.Recirve_10        modbus_slave.o
    0x080091f8   0x080091f8   0x00000044   Code   RO         6138    i.Response_Post_Multiple_Registers  dbus.lib(dbus.o)
    0x0800923c   0x0800923c   0x00000024   Code   RO         6139    i.Response_Post_Register  dbus.lib(dbus.o)
    0x08009260   0x08009260   0x000000ec   Code   RO         6140    i.Response_Read_Multiple_Registers  dbus.lib(dbus.o)
    0x0800934c   0x0800934c   0x00000090   Code   RO         6141    i.Response_Read_Register  dbus.lib(dbus.o)
    0x080093dc   0x080093dc   0x000000b4   Code   RO         6142    i.Response_Write_Multiple_Registers  dbus.lib(dbus.o)
    0x08009490   0x08009490   0x0000008c   Code   RO         6143    i.Response_Write_Register  dbus.lib(dbus.o)
    0x0800951c   0x0800951c   0x000000ac   Code   RO         1824    i.Ruan_Qi           control.o
    0x080095c8   0x080095c8   0x000000c0   Code   RO          877    i.SPI2_Init         spi.o
    0x08009688   0x08009688   0x00000054   Code   RO          878    i.SPI2_ReadWriteByte  spi.o
    0x080096dc   0x080096dc   0x00000028   Code   RO          879    i.SPI2_SetSpeed     spi.o
    0x08009704   0x08009704   0x00000018   Code   RO         3840    i.SPI_Cmd           stm32f4xx_spi.o
    0x0800971c   0x0800971c   0x00000012   Code   RO         3848    i.SPI_I2S_GetFlagStatus  stm32f4xx_spi.o
    0x0800972e   0x0800972e   0x00000006   Code   RO         3851    i.SPI_I2S_ReceiveData  stm32f4xx_spi.o
    0x08009734   0x08009734   0x00000004   Code   RO         3852    i.SPI_I2S_SendData  stm32f4xx_spi.o
    0x08009738   0x08009738   0x0000003c   Code   RO         3853    i.SPI_Init          stm32f4xx_spi.o
    0x08009774   0x08009774   0x00000002   Code   RO          410    i.SVC_Handler       stm32f4xx_it.o
    0x08009776   0x08009776   0x00000002   PAD
    0x08009778   0x08009778   0x00001050   Code   RO            7    i.Screen_task       main.o
    0x0800a7c8   0x0800a7c8   0x000000bc   Code   RO         6144    i.Send              dbus.lib(dbus.o)
    0x0800a884   0x0800a884   0x00000014   Code   RO         1419    i.SetAllParameterToSystem  route.o
    0x0800a898   0x0800a898   0x00000014   Code   RO         1420    i.SetAllStationNum  route.o
    0x0800a8ac   0x0800a8ac   0x00000018   Code   RO         1421    i.SetAllStepNum     route.o
    0x0800a8c4   0x0800a8c4   0x00000014   Code   RO         1422    i.SetOneParameterToSystem  route.o
    0x0800a8d8   0x0800a8d8   0x000000c8   Code   RO         1423    i.SetProcessData    route.o
    0x0800a9a0   0x0800a9a0   0x00000070   Code   RO         1424    i.SetRouteData      route.o
    0x0800aa10   0x0800aa10   0x000000ec   Code   RO          461    i.SetSysClock       system_stm32f4xx.o
    0x0800aafc   0x0800aafc   0x00000034   Code   RO         1827    i.Shou_Dong         control.o
    0x0800ab30   0x0800ab30   0x000002d8   Code   RO         1425    i.StationAction     route.o
    0x0800ae08   0x0800ae08   0x00000028   Code   RO         2055    i.SysTick_CLKSourceConfig  misc.o
    0x0800ae30   0x0800ae30   0x0000001c   Code   RO         1917    i.SysTick_Handler   delay.o
    0x0800ae4c   0x0800ae4c   0x00000068   Code   RO          463    i.SystemInit        system_stm32f4xx.o
    0x0800aeb4   0x0800aeb4   0x00000044   Code   RO          633    i.TIM4_PWM_Init     pwm.o
    0x0800aef8   0x0800aef8   0x00000208   Code   RO            8    i.Task5_task        main.o
    0x0800b100   0x0800b100   0x00000034   Code   RO         1828    i.Ting_Zhi          control.o
    0x0800b134   0x0800b134   0x00000022   Code   RO            9    i.Transducer_task   main.o
    0x0800b156   0x0800b156   0x00000002   PAD
    0x0800b158   0x0800b158   0x000000c0   Code   RO         1768    i.UART4_IRQHandler  uart4.o
    0x0800b218   0x0800b218   0x0000008c   Code   RO         1174    i.USART1_Configuration  speaker.o
    0x0800b2a4   0x0800b2a4   0x00000098   Code   RO         1072    i.USART2_Configuration  ethernet.o
    0x0800b33c   0x0800b33c   0x0000003c   Code   RO         1073    i.USART2_IRQHandler  ethernet.o
    0x0800b378   0x0800b378   0x000000a4   Code   RO         1023    i.USART3_Configuration  battery.o
    0x0800b41c   0x0800b41c   0x00000104   Code   RO         1024    i.USART3_IRQHandler  battery.o
    0x0800b520   0x0800b520   0x00000012   Code   RO         2583    i.USART_ClearFlag   stm32f4xx_usart.o
    0x0800b532   0x0800b532   0x0000001e   Code   RO         2584    i.USART_ClearITPendingBit  stm32f4xx_usart.o
    0x0800b550   0x0800b550   0x00000018   Code   RO         2587    i.USART_Cmd         stm32f4xx_usart.o
    0x0800b568   0x0800b568   0x00000012   Code   RO         2588    i.USART_DMACmd      stm32f4xx_usart.o
    0x0800b57a   0x0800b57a   0x0000001a   Code   RO         2590    i.USART_GetFlagStatus  stm32f4xx_usart.o
    0x0800b594   0x0800b594   0x00000054   Code   RO         2591    i.USART_GetITStatus  stm32f4xx_usart.o
    0x0800b5e8   0x0800b5e8   0x0000004a   Code   RO         2593    i.USART_ITConfig    stm32f4xx_usart.o
    0x0800b632   0x0800b632   0x00000002   PAD
    0x0800b634   0x0800b634   0x000000d4   Code   RO         2594    i.USART_Init        stm32f4xx_usart.o
    0x0800b708   0x0800b708   0x00000036   Code   RO         2005    i.USART_OUT         usart.o
    0x0800b73e   0x0800b73e   0x0000000a   Code   RO         2601    i.USART_ReceiveData  stm32f4xx_usart.o
    0x0800b748   0x0800b748   0x00000008   Code   RO         2604    i.USART_SendData    stm32f4xx_usart.o
    0x0800b750   0x0800b750   0x00000028   Code   RO         1730    i.Uart4_Start_DMA_Tx  dma.o
    0x0800b778   0x0800b778   0x00000058   Code   RO         1426    i.UpdataProcessToHmi  route.o
    0x0800b7d0   0x0800b7d0   0x000000a8   Code   RO         1427    i.UpdataStationToHmi  route.o
    0x0800b878   0x0800b878   0x0000008c   Code   RO         1428    i.UpdataStationToNow  route.o
    0x0800b904   0x0800b904   0x00000004   Code   RO          411    i.UsageFault_Handler  stm32f4xx_it.o
    0x0800b908   0x0800b908   0x00000498   Code   RO         1429    i.UserConfigInit    route.o
    0x0800bda0   0x0800bda0   0x00000048   Code   RO          910    i.W25QXX_Erase_Sector  w25qxx.o
    0x0800bde8   0x0800bde8   0x00000060   Code   RO          911    i.W25QXX_Init       w25qxx.o
    0x0800be48   0x0800be48   0x00000050   Code   RO          912    i.W25QXX_Read       w25qxx.o
    0x0800be98   0x0800be98   0x00000048   Code   RO          913    i.W25QXX_ReadID     w25qxx.o
    0x0800bee0   0x0800bee0   0x0000002c   Code   RO          914    i.W25QXX_ReadSR     w25qxx.o
    0x0800bf0c   0x0800bf0c   0x00000048   Code   RO          915    i.W25QXX_Read_16    w25qxx.o
    0x0800bf54   0x0800bf54   0x00000012   Code   RO          916    i.W25QXX_Wait_Busy  w25qxx.o
    0x0800bf66   0x0800bf66   0x00000002   PAD
    0x0800bf68   0x0800bf68   0x000000b8   Code   RO          917    i.W25QXX_Write      w25qxx.o
    0x0800c020   0x0800c020   0x0000004c   Code   RO          918    i.W25QXX_Write_16   w25qxx.o
    0x0800c06c   0x0800c06c   0x00000020   Code   RO          920    i.W25QXX_Write_Enable  w25qxx.o
    0x0800c08c   0x0800c08c   0x00000046   Code   RO          921    i.W25QXX_Write_NoCheck  w25qxx.o
    0x0800c0d2   0x0800c0d2   0x00000002   PAD
    0x0800c0d4   0x0800c0d4   0x00000054   Code   RO          922    i.W25QXX_Write_Page  w25qxx.o
    0x0800c128   0x0800c128   0x00000018   Code   RO         1075    i.WIFI_Send         ethernet.o
    0x0800c140   0x0800c140   0x0000000a   Code   RO         1076    i.WIFI_delay        ethernet.o
    0x0800c14a   0x0800c14a   0x00000002   PAD
    0x0800c14c   0x0800c14c   0x0000002c   Code   RO         1077    i.WIFI_init         ethernet.o
    0x0800c178   0x0800c178   0x00000064   Code   RO           10    i.WIFI_task         main.o
    0x0800c1dc   0x0800c1dc   0x00000138   Code   RO         6145    i.Write_Multiple_Registers  dbus.lib(dbus.o)
    0x0800c314   0x0800c314   0x00000100   Code   RO         6146    i.Write_Register    dbus.lib(dbus.o)
    0x0800c414   0x0800c414   0x00000030   Code   RO         1829    i.You_Fen           control.o
    0x0800c444   0x0800c444   0x00000030   Code   RO         1830    i.Zi_Dong           control.o
    0x0800c474   0x0800c474   0x00000030   Code   RO         1831    i.Zuo_Fen           control.o
    0x0800c4a4   0x0800c4a4   0x0000000e   Code   RO         6310    i._is_digit         c_w.l(__printf_wp.o)
    0x0800c4b2   0x0800c4b2   0x00000006   Code   RO         2006    i._sys_exit         usart.o
    0x0800c4b8   0x0800c4b8   0x00000170   Code   RO          600    i.agv_24V_input     button.o
    0x0800c628   0x0800c628   0x0000003c   Code   RO          560    i.beep_init         beep.o
    0x0800c664   0x0800c664   0x00000064   Code   RO          601    i.button_input_init  button.o
    0x0800c6c8   0x0800c6c8   0x00000090   Code   RO          668    i.check_CtXunZ_OK   motor.o
    0x0800c758   0x0800c758   0x0000013c   Code   RO         1216    i.check_Motec_init  can.o
    0x0800c894   0x0800c894   0x00000070   Code   RO         1918    i.delay_init        delay.o
    0x0800c904   0x0800c904   0x00000050   Code   RO         1919    i.delay_ms          delay.o
    0x0800c954   0x0800c954   0x0000000a   Code   RO         1920    i.delay_osschedlock  delay.o
    0x0800c95e   0x0800c95e   0x0000000a   Code   RO         1921    i.delay_osschedunlock  delay.o
    0x0800c968   0x0800c968   0x00000010   Code   RO         1922    i.delay_ostimedly   delay.o
    0x0800c978   0x0800c978   0x00000020   Code   RO          669    i.delay_rtos        motor.o
    0x0800c998   0x0800c998   0x00000058   Code   RO         1923    i.delay_us          delay.o
    0x0800c9f0   0x0800c9f0   0x00000094   Code   RO         1646    i.errorsend         modbus_slave.o
    0x0800ca84   0x0800ca84   0x00000168   Code   RO           11    i.float_task        main.o
    0x0800cbec   0x0800cbec   0x0000003c   Code   RO          811    i.guntong_init      guntong.o
    0x0800cc28   0x0800cc28   0x0000001a   Code   RO           12    i.guntong_task      main.o
    0x0800cc42   0x0800cc42   0x0000000e   Code   RO           13    i.heartbeat_task    main.o
    0x0800cc50   0x0800cc50   0x00000028   Code   RO          670    i.houlun_TurnL      motor.o
    0x0800cc78   0x0800cc78   0x00000028   Code   RO          671    i.houlun_TurnR      motor.o
    0x0800cca0   0x0800cca0   0x00000180   Code   RO           14    i.main              main.o
    0x0800ce20   0x0800ce20   0x00000016   Code   RO           15    i.motec_task        main.o
    0x0800ce36   0x0800ce36   0x00000002   PAD
    0x0800ce38   0x0800ce38   0x0000002c   Code   RO           16    i.openbox_task      main.o
    0x0800ce64   0x0800ce64   0x00000018   Code   RO         1924    i.osdelay_ms        delay.o
    0x0800ce7c   0x0800ce7c   0x00000018   Code   RO         1925    i.osdelay_s         delay.o
    0x0800ce94   0x0800ce94   0x00000028   Code   RO          672    i.qianlun_TurnL     motor.o
    0x0800cebc   0x0800cebc   0x00000038   Code   RO          673    i.qianlun_TurnR     motor.o
    0x0800cef4   0x0800cef4   0x00000078   Code   RO          580    i.rgb_init          rgb.o
    0x0800cf6c   0x0800cf6c   0x00000010   Code   RO         1647    i.send_comm         modbus_slave.o
    0x0800cf7c   0x0800cf7c   0x00000050   Code   RO         1574    i.speek             xf.o
    0x0800cfcc   0x0800cfcc   0x00000478   Code   RO           17    i.start_task        main.o
    0x0800d444   0x0800d444   0x000000f4   Code   RO         1769    i.uart4_init        uart4.o
    0x0800d538   0x0800d538   0x0000000a   Code   RO         6572    x$fpl$fpinit        fz_wm.l(fpinit.o)
    0x0800d542   0x0800d542   0x00000002   PAD
    0x0800d544   0x0800d544   0x00000010   Data   RO           19    .constdata          main.o
    0x0800d554   0x0800d554   0x000000a4   Data   RO         4857    .constdata          os_cfg_app.o
    0x0800d5f8   0x0800d5f8   0x0000016c   Data   RO         5125    .constdata          os_dbg.o
    0x0800d764   0x0800d764   0x00000011   Data   RO         6318    .constdata          c_w.l(__printf_flags_ss_wp.o)
    0x0800d775   0x0800d775   0x00000003   PAD
    0x0800d778   0x0800d778   0x00000007   Data   RO         6148    .conststring        dbus.lib(dbus.o)
    0x0800d77f   0x0800d77f   0x00000001   PAD
    0x0800d780   0x0800d780   0x00000040   Data   RO         6626    Region$$Table       anon$$obj.o


    Execution Region RW_IRAM2 (Exec base: 0x10000000, Load base: 0x0800d848, Size: 0x00001f0c, Max: 0x00010000, ABSOLUTE, COMPRESSED[0x000000ac])

    Exec Addr    Load Addr    Size         Type   Attr      Idx    E Section Name        Object

    0x10000000   COMPRESSED   0x0000008a   Data   RW         1026    .data               battery.o
    0x1000008a   COMPRESSED   0x00000006   Data   RW         1138    .data               dianweiqi.o
    0x10000090   COMPRESSED   0x00000022   Data   RW         1218    .data               can.o
    0x100000b2   COMPRESSED   0x00000002   PAD
    0x100000b4   COMPRESSED   0x00000021   Data   RW         1360    .data               cdhdata.o
    0x100000d5   COMPRESSED   0x00000001   PAD
    0x100000d6   COMPRESSED   0x00000008   Data   RW         1431    .data               route.o
    0x100000de   COMPRESSED   0x0000015d   Data   RW         1578    .data               xf.o
    0x1000023b   COMPRESSED   0x00000001   PAD
    0x1000023c   COMPRESSED   0x00000002   Data   RW         1649    .data               modbus_slave.o
    0x1000023e   COMPRESSED   0x00000005   Data   RW         1732    .data               dma.o
    0x10000243   COMPRESSED   0x00000001   PAD
    0x10000244   COMPRESSED   0x00000004   Data   RW         1926    .data               delay.o
    0x10000248   COMPRESSED   0x00000010   Data   RW         2246    .data               stm32f4xx_rcc.o
    0x10000258   COMPRESSED   0x00000008   Data   RW         5401    .data               os_prio.o
    0x10000260   COMPRESSED   0x000000c8   Data   RW         5957    .data               os_var.o
    0x10000328   COMPRESSED   0x00000004   Data   RW         5983    .data               os_cpu_c.o
    0x1000032c        -       0x000001f4   Zero   RW         1078    .bss                ethernet.o
    0x10000520        -       0x00000040   Zero   RW         1309    .bss                pid.o
    0x10000560        -       0x0000011c   Zero   RW         1359    .bss                cdhdata.o
    0x1000067c        -       0x00000400   Zero   RW         1648    .bss                modbus_slave.o
    0x10000a7c        -       0x00001490   Zero   RW         4856    .bss                os_cfg_app.o


    Execution Region RW_IRAM1 (Exec base: 0x20000000, Load base: 0x0800d7c0, Size: 0x00011f10, Max: 0x00020000, ABSOLUTE)

    Exec Addr    Load Addr    Size         Type   Attr      Idx    E Section Name        Object

    0x20000000   0x0800d7c0   0x00000007   Data   RW          603    .data               button.o
    0x20000007   0x0800d7c7   0x00000001   PAD
    0x20000008   0x0800d7c8   0x00000018   Data   RW          675    .data               motor.o
    0x20000020   0x0800d7e0   0x00000002   Data   RW          925    .data               w25qxx.o
    0x20000022   0x0800d7e2   0x00000002   Data   RW         1175    .data               speaker.o
    0x20000024   0x0800d7e4   0x00000005   Data   RW         1799    .data               agv.o
    0x20000029   0x0800d7e9   0x00000001   PAD
    0x2000002a   0x0800d7ea   0x00000002   Data   RW         1832    .data               control.o
    0x2000002c   0x0800d7ec   0x00000004   Data   RW         4331    .data               cpu_core.o
    0x20000030   0x0800d7f0   0x00000058   Data   RW         6149    .data               dbus.lib(dbus.o)
    0x20000088        -       0x000078bc   Zero   RW           18    .bss                main.o
    0x20007944        -       0x00000010   Zero   RW          602    .bss                button.o
    0x20007954        -       0x00001fa0   Zero   RW          924    .bss                w25qxx.o
    0x200098f4        -       0x00000180   Zero   RW         1025    .bss                battery.o
    0x20009a74   0x0800d848   0x00000004   PAD
    0x20009a78        -       0x000000d4   Zero   RW         1137    .bss                dianweiqi.o
    0x20009b4c        -       0x00000100   Zero   RW         1217    .bss                can.o
    0x20009c4c        -       0x00001f6a   Zero   RW         1430    .bss                route.o
    0x2000bbb6        -       0x000007d0   Zero   RW         1731    .bss                dma.o
    0x2000c386   0x0800d848   0x00000002   PAD
    0x2000c388        -       0x00000038   Zero   RW         1798    .bss                agv.o
    0x2000c3c0        -       0x00000010   Zero   RW         4329    .bss                cpu_core.o
    0x2000c3d0        -       0x000006e0   Zero   RW         5956    .bss                os_var.o
    0x2000cab0        -       0x00004a00   Zero   RW         6147    .bss                dbus.lib(dbus.o)
    0x200114b0        -       0x00000060   Zero   RW         6499    .bss                c_w.l(libspace.o)
    0x20011510        -       0x00000200   Zero   RW         2043    HEAP                startup_stm32f40_41xxx.o
    0x20011710        -       0x00000800   Zero   RW         2042    STACK               startup_stm32f40_41xxx.o


==============================================================================

Image component sizes


      Code (inc. data)   RO Data    RW Data    ZI Data      Debug   Object Name

         0          0          0          5         56       1060   agv.o
       620         54          0        138        384       3819   battery.o
        60          4          0          0          0        508   beep.o
        78         14          0          0          0       1522   bsp.o
       468         46          0          7         16       2608   button.o
      2232        170          0         34        256      10192   can.o
      2336        158          0         33        284       6265   cdhdata.o
       720        196          0          2          0       6027   control.o
        52          0          0          0          0        308   cpu_a.o
       100         18          0          4         16      12009   cpu_core.o
       392         40          0          4          0       4974   delay.o
       404         38          0          6        212       3305   dianweiqi.o
       360         42          0          5       2000       2798   dma.o
       398         50          0          0        500       4196   ethernet.o
       564         24          0          0          0       2871   guntong.o
       120          8          0          0          0        539   led.o
       102          0          0          0          0       1764   lib_mem.o
      7568        788         16          0      30908     358171   main.o
       180         24          0          0          0       2201   misc.o
      1930        160          0          2       1024      10025   modbus_slave.o
      2246        170          0         24          0      12841   motor.o
       238          0          0          0          0        677   mynvic.o
       252        166        164          0       5264      20818   os_cfg_app.o
      3016        412          0          0          0      20672   os_core.o
       172         32          0          0          0        376   os_cpu_a.o
       912         56          0          4          0       6896   os_cpu_c.o
       432        286        364          0          0       4701   os_dbg.o
       670         26          0          0          0       2997   os_flag.o
      1148        204          0          0          0       3438   os_int.o
        24         10          0          0          0        833   os_mem.o
       472         26          0          0          0       3704   os_msg.o
        24         10          0          0          0        835   os_mutex.o
       136         16          0          8          0       2754   os_prio.o
       356         18          0          0          0       2122   os_q.o
       380         16          0          0          0       2146   os_sem.o
      1616        208          0          0          0       3899   os_stat.o
      4792        256          0          0          0      13252   os_task.o
      1308        124          0          0          0       5413   os_tick.o
       844         44          0          0          0       2993   os_time.o
       812        134          0          0          0       4116   os_tmr.o
         0          0          0        200       1760      19293   os_var.o
       296         26          0          0         64       2161   pid.o
        68          4          0          0          0        612   pwm.o
       120          8          0          0          0        539   rgb.o
      4132        394          0          8       8042      19284   route.o
       140          8          0          2          0        925   speaker.o
       316         20          0          0          0       1829   spi.o
        64         26        392          0       2560        816   startup_stm32f40_41xxx.o
       392         24          0          0          0       5719   stm32f4xx_adc.o
      1252         28          0          0          0       5357   stm32f4xx_can.o
       676         58          0          0          0       6561   stm32f4xx_dma.o
       222          0          0          0          0       3027   stm32f4xx_gpio.o
        22          0          0          0          0       2963   stm32f4xx_it.o
       360         42          0         16          0       5372   stm32f4xx_rcc.o
       112          0          0          0          0       3666   stm32f4xx_spi.o
       504          8          0          0          0       7604   stm32f4xx_usart.o
       340         32          0          0          0       1389   system_stm32f4xx.o
       436         34          0          0          0      27807   uart4.o
        60          0          0          0          0       1512   usart.o
       900         74          0          2       8096       8433   w25qxx.o
       128          8          0        349          0       3772   xf.o

    ----------------------------------------------------------------------
     49112       4842       1000        860      61448     679286   Object Totals
         0          0         64          0          0          0   (incl. Generated)
        38          0          0          7          6          0   (incl. Padding)

    ----------------------------------------------------------------------

      Code (inc. data)   RO Data    RW Data    ZI Data      Debug   Library Member Name

        44          6          0          0          0         84   __2sprintf.o
        90          0          0          0          0          0   __dczerorl2.o
         8          0          0          0          0         68   __main.o
       392          4         17          0          0         92   __printf_flags_ss_wp.o
        14          0          0          0          0         68   __printf_wp.o
         0          0          0          0          0          0   __rtentry.o
        12          0          0          0          0          0   __rtentry2.o
         6          0          0          0          0          0   __rtentry4.o
        52          8          0          0          0          0   __scatter.o
        26          0          0          0          0          0   __scatter_copy.o
        28          0          0          0          0          0   __scatter_zi.o
        48          6          0          0          0         96   _printf_char_common.o
         6          0          0          0          0          0   _printf_d.o
       120         16          0          0          0         92   _printf_dec.o
       178          0          0          0          0         88   _printf_intcommon.o
         0          0          0          0          0          0   _printf_percent.o
         4          0          0          0          0          0   _printf_percent_end.o
        10          0          0          0          0         68   _sputc.o
        18          0          0          0          0         80   exit.o
         6          0          0          0          0        152   heapauxi.o
         2          0          0          0          0          0   libinit.o
         6          0          0          0          0          0   libinit2.o
         2          0          0          0          0          0   libshutdown.o
         2          0          0          0          0          0   libshutdown2.o
         8          4          0          0         96         68   libspace.o
        68          0          0          0          0         68   rt_memclr.o
        78          0          0          0          0         80   rt_memclr_w.o
       138          0          0          0          0         68   rt_memcpy_v6.o
       100          0          0          0          0         80   rt_memcpy_w.o
         2          0          0          0          0          0   rtexit.o
        10          0          0          0          0          0   rtexit2.o
        62          0          0          0          0         76   strlen.o
        74          0          0          0          0         80   sys_stackheap_outer.o
         2          0          0          0          0         68   use_no_semi.o
         2          0          0          0          0         68   use_no_semi_2.o
      3452        280          7         88      18944      18598   dbus.o
        10          0          0          0          0        116   fpinit.o

    ----------------------------------------------------------------------
      5092        324         28         88      19040      20258   Library Totals
        12          0          4          0          0          0   (incl. Padding)

    ----------------------------------------------------------------------

      Code (inc. data)   RO Data    RW Data    ZI Data      Debug   Library Name

      1618         44         17          0         96       1544   c_w.l
      3452        280          7         88      18944      18598   dbus.lib
        10          0          0          0          0        116   fz_wm.l

    ----------------------------------------------------------------------
      5092        324         28         88      19040      20258   Library Totals

    ----------------------------------------------------------------------

==============================================================================


      Code (inc. data)   RO Data    RW Data    ZI Data      Debug   

     54204       5166       1028        948      80488     665432   Grand Totals
     54204       5166       1028        308      80488     665432   ELF Image Totals (compressed)
     54204       5166       1028        308          0          0   ROM Totals

==============================================================================

    Total RO  Size (Code + RO Data)                55232 (  53.94kB)
    Total RW  Size (RW Data + ZI Data)             81436 (  79.53kB)
    Total ROM Size (Code + RO Data + RW Data)      55540 (  54.24kB)

==============================================================================

